[2024-04-24T13:23:56.905+0000][gc,heap] Heap region size: 1M
[2024-04-24T13:23:56.934+0000][gc     ] Using G1
[2024-04-24T13:23:56.934+0000][gc,heap,coops] Heap address: 0x00000000c0000000, size: 1024 MB, Compressed Oops mode: 32-bit
[2024-04-24T13:23:58.051+0000][gc,start     ] GC(0) Pause Young (Concurrent Start) (Metadata GC Threshold)
[2024-04-24T13:23:58.054+0000][gc,task      ] GC(0) Using 13 workers of 13 for evacuation
[2024-04-24T13:23:58.088+0000][gc,mmu       ] GC(0) MMU target violated: 21.0ms (20.0ms/21.0ms)
[2024-04-24T13:23:58.088+0000][gc,phases    ] GC(0)   Pre Evacuate Collection Set: 0.1ms
[2024-04-24T13:23:58.088+0000][gc,phases    ] GC(0)   Evacuate Collection Set: 32.1ms
[2024-04-24T13:23:58.088+0000][gc,phases    ] GC(0)   Post Evacuate Collection Set: 0.8ms
[2024-04-24T13:23:58.088+0000][gc,phases    ] GC(0)   Other: 3.5ms
[2024-04-24T13:23:58.088+0000][gc,heap      ] GC(0) Eden regions: 47->0(44)
[2024-04-24T13:23:58.088+0000][gc,heap      ] GC(0) Survivor regions: 0->7(7)
[2024-04-24T13:23:58.088+0000][gc,heap      ] GC(0) Old regions: 0->2
[2024-04-24T13:23:58.088+0000][gc,heap      ] GC(0) Humongous regions: 0->0
[2024-04-24T13:23:58.088+0000][gc,metaspace ] GC(0) Metaspace: 20675K(21248K)->20675K(21248K) NonClass: 18494K(18944K)->18494K(18944K) Class: 2181K(2304K)->2181K(2304K)
[2024-04-24T13:23:58.088+0000][gc           ] GC(0) Pause Young (Concurrent Start) (Metadata GC Threshold) 46M->8M(1024M) 36.527ms
[2024-04-24T13:23:58.088+0000][gc,cpu       ] GC(0) User=0.16s Sys=0.01s Real=0.04s
[2024-04-24T13:23:58.088+0000][gc           ] GC(1) Concurrent Cycle
[2024-04-24T13:23:58.088+0000][gc,marking   ] GC(1) Concurrent Clear Claimed Marks
[2024-04-24T13:23:58.088+0000][gc,marking   ] GC(1) Concurrent Clear Claimed Marks 0.051ms
[2024-04-24T13:23:58.088+0000][gc,marking   ] GC(1) Concurrent Scan Root Regions
[2024-04-24T13:23:58.091+0000][gc,marking   ] GC(1) Concurrent Scan Root Regions 2.735ms
[2024-04-24T13:23:58.091+0000][gc,marking   ] GC(1) Concurrent Mark (1.190s)
[2024-04-24T13:23:58.091+0000][gc,marking   ] GC(1) Concurrent Mark From Roots
[2024-04-24T13:23:58.091+0000][gc,task      ] GC(1) Using 3 workers of 3 for marking
[2024-04-24T13:23:58.094+0000][gc,marking   ] GC(1) Concurrent Mark From Roots 3.331ms
[2024-04-24T13:23:58.094+0000][gc,marking   ] GC(1) Concurrent Preclean
[2024-04-24T13:23:58.094+0000][gc,marking   ] GC(1) Concurrent Preclean 0.076ms
[2024-04-24T13:23:58.094+0000][gc,marking   ] GC(1) Concurrent Mark (1.190s, 1.193s) 3.447ms
[2024-04-24T13:23:58.096+0000][gc,start     ] GC(1) Pause Remark
[2024-04-24T13:23:58.131+0000][gc,stringtable] GC(1) Cleaned string and symbol table, strings: 8060 processed, 0 removed, symbols: 65729 processed, 26 removed
[2024-04-24T13:23:58.131+0000][gc,mmu        ] GC(1) MMU target violated: 21.0ms (20.0ms/21.0ms)
[2024-04-24T13:23:58.131+0000][gc            ] GC(1) Pause Remark 8M->8M(1024M) 35.282ms
[2024-04-24T13:23:58.131+0000][gc,cpu        ] GC(1) User=0.22s Sys=0.00s Real=0.03s
[2024-04-24T13:23:58.131+0000][gc,marking    ] GC(1) Concurrent Rebuild Remembered Sets
[2024-04-24T13:23:58.135+0000][gc,marking    ] GC(1) Concurrent Rebuild Remembered Sets 3.520ms
[2024-04-24T13:23:58.135+0000][gc,start      ] GC(1) Pause Cleanup
[2024-04-24T13:23:58.136+0000][gc            ] GC(1) Pause Cleanup 9M->9M(1024M) 0.339ms
[2024-04-24T13:23:58.136+0000][gc,cpu        ] GC(1) User=0.00s Sys=0.00s Real=0.00s
[2024-04-24T13:23:58.136+0000][gc,marking    ] GC(1) Concurrent Cleanup for Next Mark
[2024-04-24T13:23:58.140+0000][gc,marking    ] GC(1) Concurrent Cleanup for Next Mark 4.834ms
[2024-04-24T13:23:58.141+0000][gc            ] GC(1) Concurrent Cycle 52.587ms
[2024-04-24T13:23:58.936+0000][gc,start      ] GC(2) Pause Young (Normal) (G1 Evacuation Pause)
[2024-04-24T13:23:58.937+0000][gc,task       ] GC(2) Using 13 workers of 13 for evacuation
[2024-04-24T13:23:58.955+0000][gc,phases     ] GC(2)   Pre Evacuate Collection Set: 0.0ms
[2024-04-24T13:23:58.955+0000][gc,phases     ] GC(2)   Evacuate Collection Set: 17.7ms
[2024-04-24T13:23:58.955+0000][gc,phases     ] GC(2)   Post Evacuate Collection Set: 1.0ms
[2024-04-24T13:23:58.955+0000][gc,phases     ] GC(2)   Other: 0.2ms
[2024-04-24T13:23:58.955+0000][gc,heap       ] GC(2) Eden regions: 44->0(49)
[2024-04-24T13:23:58.955+0000][gc,heap       ] GC(2) Survivor regions: 7->2(7)
[2024-04-24T13:23:58.955+0000][gc,heap       ] GC(2) Old regions: 2->8
[2024-04-24T13:23:58.955+0000][gc,heap       ] GC(2) Humongous regions: 0->0
[2024-04-24T13:23:58.955+0000][gc,metaspace  ] GC(2) Metaspace: 30190K(31100K)->30190K(31100K) NonClass: 26789K(27392K)->26789K(27392K) Class: 3400K(3708K)->3400K(3708K)
[2024-04-24T13:23:58.956+0000][gc            ] GC(2) Pause Young (Normal) (G1 Evacuation Pause) 52M->9M(1024M) 19.068ms
[2024-04-24T13:23:58.956+0000][gc,cpu        ] GC(2) User=0.07s Sys=0.00s Real=0.02s
[2024-04-24T13:23:59.674+0000][gc,start      ] GC(3) Pause Young (Concurrent Start) (Metadata GC Threshold)
[2024-04-24T13:23:59.674+0000][gc,task       ] GC(3) Using 13 workers of 13 for evacuation
[2024-04-24T13:23:59.683+0000][gc,phases     ] GC(3)   Pre Evacuate Collection Set: 0.1ms
[2024-04-24T13:23:59.683+0000][gc,phases     ] GC(3)   Evacuate Collection Set: 8.1ms
[2024-04-24T13:23:59.683+0000][gc,phases     ] GC(3)   Post Evacuate Collection Set: 0.7ms
[2024-04-24T13:23:59.683+0000][gc,phases     ] GC(3)   Other: 0.3ms
[2024-04-24T13:23:59.683+0000][gc,heap       ] GC(3) Eden regions: 34->0(47)
[2024-04-24T13:23:59.683+0000][gc,heap       ] GC(3) Survivor regions: 2->4(7)
[2024-04-24T13:23:59.683+0000][gc,heap       ] GC(3) Old regions: 8->8
[2024-04-24T13:23:59.683+0000][gc,heap       ] GC(3) Humongous regions: 129->129
[2024-04-24T13:23:59.683+0000][gc,metaspace  ] GC(3) Metaspace: 35097K(36048K)->35097K(36048K) NonClass: 31217K(31700K)->31217K(31700K) Class: 3879K(4348K)->3879K(4348K)
[2024-04-24T13:23:59.683+0000][gc            ] GC(3) Pause Young (Concurrent Start) (Metadata GC Threshold) 171M->139M(1024M) 9.405ms
[2024-04-24T13:23:59.683+0000][gc,cpu        ] GC(3) User=0.06s Sys=0.00s Real=0.02s
[2024-04-24T13:23:59.683+0000][gc            ] GC(4) Concurrent Cycle
[2024-04-24T13:23:59.683+0000][gc,marking    ] GC(4) Concurrent Clear Claimed Marks
[2024-04-24T13:23:59.683+0000][gc,marking    ] GC(4) Concurrent Clear Claimed Marks 0.056ms
[2024-04-24T13:23:59.683+0000][gc,marking    ] GC(4) Concurrent Scan Root Regions
[2024-04-24T13:23:59.685+0000][gc,marking    ] GC(4) Concurrent Scan Root Regions 2.045ms
[2024-04-24T13:23:59.685+0000][gc,marking    ] GC(4) Concurrent Mark (2.784s)
[2024-04-24T13:23:59.685+0000][gc,marking    ] GC(4) Concurrent Mark From Roots
[2024-04-24T13:23:59.685+0000][gc,task       ] GC(4) Using 3 workers of 3 for marking
[2024-04-24T13:23:59.689+0000][gc,marking    ] GC(4) Concurrent Mark From Roots 3.848ms
[2024-04-24T13:23:59.689+0000][gc,marking    ] GC(4) Concurrent Preclean
[2024-04-24T13:23:59.689+0000][gc,marking    ] GC(4) Concurrent Preclean 0.161ms
[2024-04-24T13:23:59.689+0000][gc,marking    ] GC(4) Concurrent Mark (2.784s, 2.788s) 4.109ms
[2024-04-24T13:23:59.690+0000][gc,start      ] GC(4) Pause Remark
[2024-04-24T13:23:59.702+0000][gc,stringtable] GC(4) Cleaned string and symbol table, strings: 11542 processed, 10 removed, symbols: 100813 processed, 26 removed
[2024-04-24T13:23:59.703+0000][gc            ] GC(4) Pause Remark 140M->140M(1024M) 13.041ms
[2024-04-24T13:23:59.703+0000][gc,cpu        ] GC(4) User=0.05s Sys=0.00s Real=0.02s
[2024-04-24T13:23:59.703+0000][gc,marking    ] GC(4) Concurrent Rebuild Remembered Sets
[2024-04-24T13:23:59.705+0000][gc,marking    ] GC(4) Concurrent Rebuild Remembered Sets 2.264ms
[2024-04-24T13:23:59.706+0000][gc,start      ] GC(4) Pause Cleanup
[2024-04-24T13:23:59.706+0000][gc            ] GC(4) Pause Cleanup 140M->140M(1024M) 0.300ms
[2024-04-24T13:23:59.706+0000][gc,cpu        ] GC(4) User=0.00s Sys=0.00s Real=0.00s
[2024-04-24T13:23:59.706+0000][gc,marking    ] GC(4) Concurrent Cleanup for Next Mark
[2024-04-24T13:23:59.710+0000][gc,marking    ] GC(4) Concurrent Cleanup for Next Mark 3.583ms
[2024-04-24T13:23:59.710+0000][gc            ] GC(4) Concurrent Cycle 26.620ms
[2024-04-24T13:24:00.734+0000][gc,start      ] GC(5) Pause Young (Normal) (G1 Evacuation Pause)
[2024-04-24T13:24:00.734+0000][gc,task       ] GC(5) Using 13 workers of 13 for evacuation
[2024-04-24T13:24:00.772+0000][gc,mmu        ] GC(5) MMU target violated: 21.0ms (20.0ms/21.0ms)
[2024-04-24T13:24:00.773+0000][gc,phases     ] GC(5)   Pre Evacuate Collection Set: 0.0ms
[2024-04-24T13:24:00.773+0000][gc,phases     ] GC(5)   Evacuate Collection Set: 36.5ms
[2024-04-24T13:24:00.773+0000][gc,phases     ] GC(5)   Post Evacuate Collection Set: 1.3ms
[2024-04-24T13:24:00.773+0000][gc,phases     ] GC(5)   Other: 0.4ms
[2024-04-24T13:24:00.773+0000][gc,heap       ] GC(5) Eden regions: 47->0(44)
[2024-04-24T13:24:00.773+0000][gc,heap       ] GC(5) Survivor regions: 4->7(7)
[2024-04-24T13:24:00.773+0000][gc,heap       ] GC(5) Old regions: 8->8
[2024-04-24T13:24:00.773+0000][gc,heap       ] GC(5) Humongous regions: 129->0
[2024-04-24T13:24:00.773+0000][gc,metaspace  ] GC(5) Metaspace: 42272K(43728K)->42272K(43728K) NonClass: 37537K(38356K)->37537K(38356K) Class: 4734K(5372K)->4734K(5372K)
[2024-04-24T13:24:00.773+0000][gc            ] GC(5) Pause Young (Normal) (G1 Evacuation Pause) 186M->14M(1024M) 38.668ms
[2024-04-24T13:24:00.773+0000][gc,cpu        ] GC(5) User=0.15s Sys=0.00s Real=0.03s
[2024-04-24T13:24:00.958+0000][gc,heap,exit  ] Heap
[2024-04-24T13:24:00.958+0000][gc,heap,exit  ]  garbage-first heap   total 1048576K, used 18823K [0x00000000c0000000, 0x0000000100000000)
[2024-04-24T13:24:00.958+0000][gc,heap,exit  ]   region size 1024K, 12 young (12288K), 7 survivors (7168K)
[2024-04-24T13:24:00.958+0000][gc,heap,exit  ]  Metaspace       used 42482K, capacity 43824K, committed 44112K, reserved 1087488K
[2024-04-24T13:24:00.958+0000][gc,heap,exit  ]   class space    used 4777K, capacity 5387K, committed 5500K, reserved 1048576K
