[2024-04-30T09:06:52.175+0000][gc,heap] Heap region size: 1M
[2024-04-30T09:06:52.188+0000][gc     ] Using G1
[2024-04-30T09:06:52.188+0000][gc,heap,coops] Heap address: 0x00000000c0000000, size: 1024 MB, Compressed Oops mode: 32-bit
[2024-04-30T09:06:53.009+0000][gc,start     ] GC(0) Pause Young (Concurrent Start) (Metadata GC Threshold)
[2024-04-30T09:06:53.011+0000][gc,task      ] GC(0) Using 13 workers of 13 for evacuation
[2024-04-30T09:06:53.018+0000][gc,phases    ] GC(0)   Pre Evacuate Collection Set: 0.0ms
[2024-04-30T09:06:53.018+0000][gc,phases    ] GC(0)   Evacuate Collection Set: 6.5ms
[2024-04-30T09:06:53.018+0000][gc,phases    ] GC(0)   Post Evacuate Collection Set: 0.6ms
[2024-04-30T09:06:53.018+0000][gc,phases    ] GC(0)   Other: 1.8ms
[2024-04-30T09:06:53.018+0000][gc,heap      ] GC(0) Eden regions: 47->0(44)
[2024-04-30T09:06:53.018+0000][gc,heap      ] GC(0) Survivor regions: 0->7(7)
[2024-04-30T09:06:53.018+0000][gc,heap      ] GC(0) Old regions: 0->1
[2024-04-30T09:06:53.018+0000][gc,heap      ] GC(0) Humongous regions: 0->0
[2024-04-30T09:06:53.018+0000][gc,metaspace ] GC(0) Metaspace: 20695K(21248K)->20695K(21248K) NonClass: 18515K(18944K)->18515K(18944K) Class: 2180K(2304K)->2180K(2304K)
[2024-04-30T09:06:53.018+0000][gc           ] GC(0) Pause Young (Concurrent Start) (Metadata GC Threshold) 46M->7M(1024M) 9.050ms
[2024-04-30T09:06:53.018+0000][gc,cpu       ] GC(0) User=0.02s Sys=0.01s Real=0.01s
[2024-04-30T09:06:53.018+0000][gc           ] GC(1) Concurrent Cycle
[2024-04-30T09:06:53.018+0000][gc,marking   ] GC(1) Concurrent Clear Claimed Marks
[2024-04-30T09:06:53.018+0000][gc,marking   ] GC(1) Concurrent Clear Claimed Marks 0.013ms
[2024-04-30T09:06:53.018+0000][gc,marking   ] GC(1) Concurrent Scan Root Regions
[2024-04-30T09:06:53.020+0000][gc,marking   ] GC(1) Concurrent Scan Root Regions 1.431ms
[2024-04-30T09:06:53.020+0000][gc,marking   ] GC(1) Concurrent Mark (0.847s)
[2024-04-30T09:06:53.020+0000][gc,marking   ] GC(1) Concurrent Mark From Roots
[2024-04-30T09:06:53.020+0000][gc,task      ] GC(1) Using 3 workers of 3 for marking
[2024-04-30T09:06:53.021+0000][gc,marking   ] GC(1) Concurrent Mark From Roots 0.761ms
[2024-04-30T09:06:53.021+0000][gc,marking   ] GC(1) Concurrent Preclean
[2024-04-30T09:06:53.021+0000][gc,marking   ] GC(1) Concurrent Preclean 0.075ms
[2024-04-30T09:06:53.021+0000][gc,marking   ] GC(1) Concurrent Mark (0.847s, 0.848s) 0.875ms
[2024-04-30T09:06:53.021+0000][gc,start     ] GC(1) Pause Remark
[2024-04-30T09:06:53.023+0000][gc,stringtable] GC(1) Cleaned string and symbol table, strings: 8038 processed, 0 removed, symbols: 65708 processed, 26 removed
[2024-04-30T09:06:53.023+0000][gc            ] GC(1) Pause Remark 8M->8M(1024M) 1.527ms
[2024-04-30T09:06:53.023+0000][gc,cpu        ] GC(1) User=0.01s Sys=0.00s Real=0.01s
[2024-04-30T09:06:53.023+0000][gc,marking    ] GC(1) Concurrent Rebuild Remembered Sets
[2024-04-30T09:06:53.023+0000][gc,marking    ] GC(1) Concurrent Rebuild Remembered Sets 0.392ms
[2024-04-30T09:06:53.024+0000][gc,start      ] GC(1) Pause Cleanup
[2024-04-30T09:06:53.024+0000][gc            ] GC(1) Pause Cleanup 8M->8M(1024M) 0.218ms
[2024-04-30T09:06:53.024+0000][gc,cpu        ] GC(1) User=0.00s Sys=0.00s Real=0.00s
[2024-04-30T09:06:53.024+0000][gc,marking    ] GC(1) Concurrent Cleanup for Next Mark
[2024-04-30T09:06:53.026+0000][gc,marking    ] GC(1) Concurrent Cleanup for Next Mark 2.261ms
[2024-04-30T09:06:53.026+0000][gc            ] GC(1) Concurrent Cycle 7.811ms
[2024-04-30T09:06:53.575+0000][gc,start      ] GC(2) Pause Young (Normal) (G1 Evacuation Pause)
[2024-04-30T09:06:53.575+0000][gc,task       ] GC(2) Using 13 workers of 13 for evacuation
[2024-04-30T09:06:53.611+0000][gc,mmu        ] GC(2) MMU target violated: 21.0ms (20.0ms/21.0ms)
[2024-04-30T09:06:53.611+0000][gc,phases     ] GC(2)   Pre Evacuate Collection Set: 0.0ms
[2024-04-30T09:06:53.611+0000][gc,phases     ] GC(2)   Evacuate Collection Set: 35.0ms
[2024-04-30T09:06:53.611+0000][gc,phases     ] GC(2)   Post Evacuate Collection Set: 0.5ms
[2024-04-30T09:06:53.611+0000][gc,phases     ] GC(2)   Other: 0.2ms
[2024-04-30T09:06:53.611+0000][gc,heap       ] GC(2) Eden regions: 44->0(49)
[2024-04-30T09:06:53.611+0000][gc,heap       ] GC(2) Survivor regions: 7->2(7)
[2024-04-30T09:06:53.611+0000][gc,heap       ] GC(2) Old regions: 1->8
[2024-04-30T09:06:53.611+0000][gc,heap       ] GC(2) Humongous regions: 0->0
[2024-04-30T09:06:53.611+0000][gc,metaspace  ] GC(2) Metaspace: 30268K(31100K)->30268K(31100K) NonClass: 26877K(27392K)->26877K(27392K) Class: 3391K(3708K)->3391K(3708K)
[2024-04-30T09:06:53.611+0000][gc            ] GC(2) Pause Young (Normal) (G1 Evacuation Pause) 51M->9M(1024M) 35.787ms
[2024-04-30T09:06:53.611+0000][gc,cpu        ] GC(2) User=0.07s Sys=0.00s Real=0.04s
[2024-04-30T09:06:53.869+0000][gc,start      ] GC(3) Pause Young (Concurrent Start) (Metadata GC Threshold)
[2024-04-30T09:06:53.869+0000][gc,task       ] GC(3) Using 13 workers of 13 for evacuation
[2024-04-30T09:06:53.872+0000][gc,phases     ] GC(3)   Pre Evacuate Collection Set: 0.1ms
[2024-04-30T09:06:53.872+0000][gc,phases     ] GC(3)   Evacuate Collection Set: 2.0ms
[2024-04-30T09:06:53.872+0000][gc,phases     ] GC(3)   Post Evacuate Collection Set: 0.3ms
[2024-04-30T09:06:53.872+0000][gc,phases     ] GC(3)   Other: 0.2ms
[2024-04-30T09:06:53.872+0000][gc,heap       ] GC(3) Eden regions: 26->0(47)
[2024-04-30T09:06:53.872+0000][gc,heap       ] GC(3) Survivor regions: 2->4(7)
[2024-04-30T09:06:53.872+0000][gc,heap       ] GC(3) Old regions: 8->8
[2024-04-30T09:06:53.872+0000][gc,heap       ] GC(3) Humongous regions: 129->129
[2024-04-30T09:06:53.872+0000][gc,metaspace  ] GC(3) Metaspace: 34962K(35964K)->34962K(35964K) NonClass: 31153K(31744K)->31153K(31744K) Class: 3808K(4220K)->3808K(4220K)
[2024-04-30T09:06:53.872+0000][gc            ] GC(3) Pause Young (Concurrent Start) (Metadata GC Threshold) 163M->139M(1024M) 2.671ms
[2024-04-30T09:06:53.872+0000][gc,cpu        ] GC(3) User=0.02s Sys=0.01s Real=0.01s
[2024-04-30T09:06:53.872+0000][gc            ] GC(4) Concurrent Cycle
[2024-04-30T09:06:53.872+0000][gc,marking    ] GC(4) Concurrent Clear Claimed Marks
[2024-04-30T09:06:53.872+0000][gc,marking    ] GC(4) Concurrent Clear Claimed Marks 0.022ms
[2024-04-30T09:06:53.872+0000][gc,marking    ] GC(4) Concurrent Scan Root Regions
[2024-04-30T09:06:53.873+0000][gc,marking    ] GC(4) Concurrent Scan Root Regions 0.956ms
[2024-04-30T09:06:53.873+0000][gc,marking    ] GC(4) Concurrent Mark (1.700s)
[2024-04-30T09:06:53.873+0000][gc,marking    ] GC(4) Concurrent Mark From Roots
[2024-04-30T09:06:53.873+0000][gc,task       ] GC(4) Using 3 workers of 3 for marking
[2024-04-30T09:06:53.876+0000][gc,marking    ] GC(4) Concurrent Mark From Roots 2.800ms
[2024-04-30T09:06:53.876+0000][gc,marking    ] GC(4) Concurrent Preclean
[2024-04-30T09:06:53.876+0000][gc,marking    ] GC(4) Concurrent Preclean 0.110ms
[2024-04-30T09:06:53.876+0000][gc,marking    ] GC(4) Concurrent Mark (1.700s, 1.703s) 2.958ms
[2024-04-30T09:06:53.876+0000][gc,start      ] GC(4) Pause Remark
[2024-04-30T09:06:53.878+0000][gc,stringtable] GC(4) Cleaned string and symbol table, strings: 12310 processed, 11 removed, symbols: 100983 processed, 30 removed
[2024-04-30T09:06:53.878+0000][gc            ] GC(4) Pause Remark 140M->140M(1024M) 1.750ms
[2024-04-30T09:06:53.878+0000][gc,cpu        ] GC(4) User=0.01s Sys=0.00s Real=0.00s
[2024-04-30T09:06:53.878+0000][gc,marking    ] GC(4) Concurrent Rebuild Remembered Sets
[2024-04-30T09:06:53.880+0000][gc,marking    ] GC(4) Concurrent Rebuild Remembered Sets 1.674ms
[2024-04-30T09:06:53.910+0000][gc,start      ] GC(4) Pause Cleanup
[2024-04-30T09:06:53.911+0000][gc            ] GC(4) Pause Cleanup 140M->140M(1024M) 0.278ms
[2024-04-30T09:06:53.911+0000][gc,cpu        ] GC(4) User=0.00s Sys=0.00s Real=0.00s
[2024-04-30T09:06:53.911+0000][gc,marking    ] GC(4) Concurrent Cleanup for Next Mark
[2024-04-30T09:06:53.913+0000][gc,marking    ] GC(4) Concurrent Cleanup for Next Mark 2.146ms
[2024-04-30T09:06:53.913+0000][gc            ] GC(4) Concurrent Cycle 40.839ms
[2024-04-30T09:06:54.540+0000][gc,start      ] GC(5) Pause Young (Normal) (G1 Evacuation Pause)
[2024-04-30T09:06:54.540+0000][gc,task       ] GC(5) Using 13 workers of 13 for evacuation
[2024-04-30T09:06:54.611+0000][gc,mmu        ] GC(5) MMU target violated: 21.0ms (20.0ms/21.0ms)
[2024-04-30T09:06:54.611+0000][gc,phases     ] GC(5)   Pre Evacuate Collection Set: 0.0ms
[2024-04-30T09:06:54.611+0000][gc,phases     ] GC(5)   Evacuate Collection Set: 70.4ms
[2024-04-30T09:06:54.611+0000][gc,phases     ] GC(5)   Post Evacuate Collection Set: 0.7ms
[2024-04-30T09:06:54.611+0000][gc,phases     ] GC(5)   Other: 0.2ms
[2024-04-30T09:06:54.611+0000][gc,heap       ] GC(5) Eden regions: 47->0(44)
[2024-04-30T09:06:54.611+0000][gc,heap       ] GC(5) Survivor regions: 4->7(7)
[2024-04-30T09:06:54.611+0000][gc,heap       ] GC(5) Old regions: 8->8
[2024-04-30T09:06:54.611+0000][gc,heap       ] GC(5) Humongous regions: 129->129
[2024-04-30T09:06:54.611+0000][gc,metaspace  ] GC(5) Metaspace: 42444K(43772K)->42444K(43772K) NonClass: 37868K(38656K)->37868K(38656K) Class: 4575K(5116K)->4575K(5116K)
[2024-04-30T09:06:54.611+0000][gc            ] GC(5) Pause Young (Normal) (G1 Evacuation Pause) 186M->143M(1024M) 71.376ms
[2024-04-30T09:06:54.611+0000][gc,cpu        ] GC(5) User=0.07s Sys=0.01s Real=0.08s
[2024-04-30T09:22:02.362+0000][gc,start      ] GC(6) Pause Young (Normal) (G1 Evacuation Pause)
[2024-04-30T09:22:02.362+0000][gc,task       ] GC(6) Using 13 workers of 13 for evacuation
[2024-04-30T09:22:02.412+0000][gc,mmu        ] GC(6) MMU target violated: 21.0ms (20.0ms/21.0ms)
[2024-04-30T09:22:02.412+0000][gc,phases     ] GC(6)   Pre Evacuate Collection Set: 0.0ms
[2024-04-30T09:22:02.412+0000][gc,phases     ] GC(6)   Evacuate Collection Set: 49.4ms
[2024-04-30T09:22:02.412+0000][gc,phases     ] GC(6)   Post Evacuate Collection Set: 0.7ms
[2024-04-30T09:22:02.412+0000][gc,phases     ] GC(6)   Other: 0.3ms
[2024-04-30T09:22:02.412+0000][gc,heap       ] GC(6) Eden regions: 44->0(49)
[2024-04-30T09:22:02.412+0000][gc,heap       ] GC(6) Survivor regions: 7->2(7)
[2024-04-30T09:22:02.412+0000][gc,heap       ] GC(6) Old regions: 8->15
[2024-04-30T09:22:02.412+0000][gc,heap       ] GC(6) Humongous regions: 129->129
[2024-04-30T09:22:02.412+0000][gc,metaspace  ] GC(6) Metaspace: 48495K(50556K)->48495K(50556K) NonClass: 42773K(43776K)->42773K(43776K) Class: 5721K(6780K)->5721K(6780K)
[2024-04-30T09:22:02.412+0000][gc            ] GC(6) Pause Young (Normal) (G1 Evacuation Pause) 187M->145M(1024M) 50.483ms
[2024-04-30T09:22:02.412+0000][gc,cpu        ] GC(6) User=0.04s Sys=0.01s Real=0.06s
[2024-04-30T09:29:10.239+0000][gc,start      ] GC(7) Pause Young (Normal) (G1 Evacuation Pause)
[2024-04-30T09:29:10.239+0000][gc,task       ] GC(7) Using 13 workers of 13 for evacuation
[2024-04-30T09:29:10.243+0000][gc,phases     ] GC(7)   Pre Evacuate Collection Set: 0.0ms
[2024-04-30T09:29:10.243+0000][gc,phases     ] GC(7)   Evacuate Collection Set: 2.6ms
[2024-04-30T09:29:10.243+0000][gc,phases     ] GC(7)   Post Evacuate Collection Set: 1.2ms
[2024-04-30T09:29:10.243+0000][gc,phases     ] GC(7)   Other: 0.3ms
[2024-04-30T09:29:10.243+0000][gc,heap       ] GC(7) Eden regions: 49->0(46)
[2024-04-30T09:29:10.243+0000][gc,heap       ] GC(7) Survivor regions: 2->5(7)
[2024-04-30T09:29:10.243+0000][gc,heap       ] GC(7) Old regions: 15->15
[2024-04-30T09:29:10.243+0000][gc,heap       ] GC(7) Humongous regions: 129->129
[2024-04-30T09:29:10.243+0000][gc,metaspace  ] GC(7) Metaspace: 52623K(55420K)->52623K(55420K) NonClass: 46203K(47616K)->46203K(47616K) Class: 6419K(7804K)->6419K(7804K)
[2024-04-30T09:29:10.243+0000][gc            ] GC(7) Pause Young (Normal) (G1 Evacuation Pause) 194M->147M(1024M) 4.117ms
[2024-04-30T09:29:10.243+0000][gc,cpu        ] GC(7) User=0.03s Sys=0.00s Real=0.01s
[2024-04-30T09:36:07.516+0000][gc,start      ] GC(8) Pause Young (Normal) (G1 Evacuation Pause)
[2024-04-30T09:36:07.517+0000][gc,task       ] GC(8) Using 13 workers of 13 for evacuation
[2024-04-30T09:36:07.520+0000][gc,phases     ] GC(8)   Pre Evacuate Collection Set: 0.0ms
[2024-04-30T09:36:07.520+0000][gc,phases     ] GC(8)   Evacuate Collection Set: 2.7ms
[2024-04-30T09:36:07.520+0000][gc,phases     ] GC(8)   Post Evacuate Collection Set: 0.8ms
[2024-04-30T09:36:07.520+0000][gc,phases     ] GC(8)   Other: 0.4ms
[2024-04-30T09:36:07.520+0000][gc,heap       ] GC(8) Eden regions: 46->0(46)
[2024-04-30T09:36:07.520+0000][gc,heap       ] GC(8) Survivor regions: 5->5(7)
[2024-04-30T09:36:07.520+0000][gc,heap       ] GC(8) Old regions: 15->17
[2024-04-30T09:36:07.520+0000][gc,heap       ] GC(8) Humongous regions: 129->129
[2024-04-30T09:36:07.520+0000][gc,metaspace  ] GC(8) Metaspace: 53719K(56444K)->53719K(56444K) NonClass: 47253K(48640K)->47253K(48640K) Class: 6466K(7804K)->6466K(7804K)
[2024-04-30T09:36:07.520+0000][gc            ] GC(8) Pause Young (Normal) (G1 Evacuation Pause) 193M->149M(1024M) 3.910ms
[2024-04-30T09:36:07.520+0000][gc,cpu        ] GC(8) User=0.03s Sys=0.00s Real=0.00s
[2024-04-30T09:49:53.849+0000][gc,start      ] GC(9) Pause Young (Normal) (G1 Evacuation Pause)
[2024-04-30T09:49:53.849+0000][gc,task       ] GC(9) Using 13 workers of 13 for evacuation
[2024-04-30T09:49:53.852+0000][gc,phases     ] GC(9)   Pre Evacuate Collection Set: 0.0ms
[2024-04-30T09:49:53.852+0000][gc,phases     ] GC(9)   Evacuate Collection Set: 2.2ms
[2024-04-30T09:49:53.852+0000][gc,phases     ] GC(9)   Post Evacuate Collection Set: 0.5ms
[2024-04-30T09:49:53.852+0000][gc,phases     ] GC(9)   Other: 0.2ms
[2024-04-30T09:49:53.852+0000][gc,heap       ] GC(9) Eden regions: 46->0(48)
[2024-04-30T09:49:53.852+0000][gc,heap       ] GC(9) Survivor regions: 5->3(7)
[2024-04-30T09:49:53.852+0000][gc,heap       ] GC(9) Old regions: 17->19
[2024-04-30T09:49:53.852+0000][gc,heap       ] GC(9) Humongous regions: 129->129
[2024-04-30T09:49:53.852+0000][gc,metaspace  ] GC(9) Metaspace: 54447K(57340K)->54447K(57340K) NonClass: 47938K(49408K)->47938K(49408K) Class: 6508K(7932K)->6508K(7932K)
[2024-04-30T09:49:53.852+0000][gc            ] GC(9) Pause Young (Normal) (G1 Evacuation Pause) 195M->150M(1024M) 2.962ms
[2024-04-30T09:49:53.852+0000][gc,cpu        ] GC(9) User=0.03s Sys=0.00s Real=0.01s
[2024-04-30T10:07:02.516+0000][gc,start      ] GC(10) Pause Young (Normal) (G1 Evacuation Pause)
[2024-04-30T10:07:02.517+0000][gc,task       ] GC(10) Using 13 workers of 13 for evacuation
[2024-04-30T10:07:02.521+0000][gc,phases     ] GC(10)   Pre Evacuate Collection Set: 0.0ms
[2024-04-30T10:07:02.521+0000][gc,phases     ] GC(10)   Evacuate Collection Set: 2.2ms
[2024-04-30T10:07:02.521+0000][gc,phases     ] GC(10)   Post Evacuate Collection Set: 2.4ms
[2024-04-30T10:07:02.522+0000][gc,phases     ] GC(10)   Other: 0.7ms
[2024-04-30T10:07:02.522+0000][gc,heap       ] GC(10) Eden regions: 48->0(49)
[2024-04-30T10:07:02.522+0000][gc,heap       ] GC(10) Survivor regions: 3->3(7)
[2024-04-30T10:07:02.522+0000][gc,heap       ] GC(10) Old regions: 19->19
[2024-04-30T10:07:02.522+0000][gc,heap       ] GC(10) Humongous regions: 129->129
[2024-04-30T10:07:02.522+0000][gc,metaspace  ] GC(10) Metaspace: 54627K(57596K)->54627K(57596K) NonClass: 48112K(49664K)->48112K(49664K) Class: 6514K(7932K)->6514K(7932K)
[2024-04-30T10:07:02.522+0000][gc            ] GC(10) Pause Young (Normal) (G1 Evacuation Pause) 198M->150M(1024M) 5.305ms
[2024-04-30T10:07:02.522+0000][gc,cpu        ] GC(10) User=0.04s Sys=0.00s Real=0.00s
[2024-04-30T10:26:10.846+0000][gc,start      ] GC(11) Pause Young (Normal) (G1 Evacuation Pause)
[2024-04-30T10:26:10.847+0000][gc,task       ] GC(11) Using 13 workers of 13 for evacuation
[2024-04-30T10:26:10.849+0000][gc,phases     ] GC(11)   Pre Evacuate Collection Set: 0.0ms
[2024-04-30T10:26:10.849+0000][gc,phases     ] GC(11)   Evacuate Collection Set: 1.6ms
[2024-04-30T10:26:10.849+0000][gc,phases     ] GC(11)   Post Evacuate Collection Set: 0.6ms
[2024-04-30T10:26:10.849+0000][gc,phases     ] GC(11)   Other: 0.7ms
[2024-04-30T10:26:10.849+0000][gc,heap       ] GC(11) Eden regions: 49->0(53)
[2024-04-30T10:26:10.849+0000][gc,heap       ] GC(11) Survivor regions: 3->4(7)
[2024-04-30T10:26:10.849+0000][gc,heap       ] GC(11) Old regions: 19->19
[2024-04-30T10:26:10.849+0000][gc,heap       ] GC(11) Humongous regions: 129->129
[2024-04-30T10:26:10.849+0000][gc,metaspace  ] GC(11) Metaspace: 54672K(57596K)->54672K(57596K) NonClass: 48158K(49664K)->48158K(49664K) Class: 6514K(7932K)->6514K(7932K)
[2024-04-30T10:26:10.849+0000][gc            ] GC(11) Pause Young (Normal) (G1 Evacuation Pause) 199M->151M(1024M) 2.957ms
[2024-04-30T10:26:10.849+0000][gc,cpu        ] GC(11) User=0.01s Sys=0.01s Real=0.00s
[2024-04-30T10:36:58.218+0000][gc,start      ] GC(12) Pause Young (Normal) (G1 Evacuation Pause)
[2024-04-30T10:36:58.218+0000][gc,task       ] GC(12) Using 13 workers of 13 for evacuation
[2024-04-30T10:36:58.221+0000][gc,phases     ] GC(12)   Pre Evacuate Collection Set: 0.0ms
[2024-04-30T10:36:58.221+0000][gc,phases     ] GC(12)   Evacuate Collection Set: 1.9ms
[2024-04-30T10:36:58.221+0000][gc,phases     ] GC(12)   Post Evacuate Collection Set: 0.7ms
[2024-04-30T10:36:58.221+0000][gc,phases     ] GC(12)   Other: 0.1ms
[2024-04-30T10:36:58.221+0000][gc,heap       ] GC(12) Eden regions: 49->0(58)
[2024-04-30T10:36:58.221+0000][gc,heap       ] GC(12) Survivor regions: 4->4(7)
[2024-04-30T10:36:58.221+0000][gc,heap       ] GC(12) Old regions: 19->21
[2024-04-30T10:36:58.221+0000][gc,heap       ] GC(12) Humongous regions: 129->129
[2024-04-30T10:36:58.221+0000][gc,metaspace  ] GC(12) Metaspace: 55499K(58620K)->55499K(58620K) NonClass: 48806K(50432K)->48806K(50432K) Class: 6693K(8188K)->6693K(8188K)
[2024-04-30T10:36:58.221+0000][gc            ] GC(12) Pause Young (Normal) (G1 Evacuation Pause) 200M->152M(1024M) 2.816ms
[2024-04-30T10:36:58.221+0000][gc,cpu        ] GC(12) User=0.02s Sys=0.01s Real=0.00s
[2024-04-30T10:36:58.526+0000][gc,heap,exit  ] Heap
[2024-04-30T10:36:58.526+0000][gc,heap,exit  ]  garbage-first heap   total 1048576K, used 162261K [0x00000000c0000000, 0x0000000100000000)
[2024-04-30T10:36:58.526+0000][gc,heap,exit  ]   region size 1024K, 11 young (11264K), 4 survivors (4096K)
[2024-04-30T10:36:58.526+0000][gc,heap,exit  ]  Metaspace       used 56103K, capacity 59155K, committed 59260K, reserved 1099776K
[2024-04-30T10:36:58.526+0000][gc,heap,exit  ]   class space    used 6820K, capacity 8283K, committed 8316K, reserved 1048576K
