[2024-05-15T11:58:10.855+0000][gc,init] CardTable entry size: 512
[2024-05-15T11:58:10.855+0000][gc     ] Using G1
[2024-05-15T11:58:10.866+0000][gc,init] Version: 21.0.2+13-LTS (release)
[2024-05-15T11:58:10.866+0000][gc,init] CPUs: 2 total, 2 available
[2024-05-15T11:58:10.866+0000][gc,init] Memory: 7929M
[2024-05-15T11:58:10.866+0000][gc,init] Large Page Support: Disabled
[2024-05-15T11:58:10.866+0000][gc,init] NUMA Support: Disabled
[2024-05-15T11:58:10.866+0000][gc,init] Compressed Oops: Enabled (32-bit)
[2024-05-15T11:58:10.866+0000][gc,init] Heap Region Size: 1M
[2024-05-15T11:58:10.866+0000][gc,init] Heap Min Capacity: 1G
[2024-05-15T11:58:10.866+0000][gc,init] Heap Initial Capacity: 1G
[2024-05-15T11:58:10.866+0000][gc,init] Heap Max Capacity: 1G
[2024-05-15T11:58:10.866+0000][gc,init] Pre-touch: Disabled
[2024-05-15T11:58:10.866+0000][gc,init] Parallel Workers: 2
[2024-05-15T11:58:10.866+0000][gc,init] Concurrent Workers: 1
[2024-05-15T11:58:10.866+0000][gc,init] Concurrent Refinement Workers: 2
[2024-05-15T11:58:10.866+0000][gc,init] Periodic GC: Disabled
[2024-05-15T11:58:10.873+0000][gc,metaspace] CDS archive(s) mapped at: [0x000070d2b3000000-0x000070d2b3ca6000-0x000070d2b3ca6000), size 13262848, SharedBaseAddress: 0x000070d2b3000000, ArchiveRelocationMode: 1.
[2024-05-15T11:58:10.873+0000][gc,metaspace] Compressed class space mapped at: 0x000070d2b4000000-0x000070d2f4000000, reserved size: 1073741824
[2024-05-15T11:58:10.873+0000][gc,metaspace] Narrow klass base: 0x000070d2b3000000, Narrow klass shift: 0, Narrow klass range: 0x100000000
[2024-05-15T11:58:12.496+0000][gc,start    ] GC(0) Pause Young (Normal) (G1 Evacuation Pause)
[2024-05-15T11:58:12.497+0000][gc,task     ] GC(0) Using 2 workers of 2 for evacuation
[2024-05-15T11:58:12.504+0000][gc,phases   ] GC(0)   Pre Evacuate Collection Set: 0.2ms
[2024-05-15T11:58:12.504+0000][gc,phases   ] GC(0)   Merge Heap Roots: 0.1ms
[2024-05-15T11:58:12.504+0000][gc,phases   ] GC(0)   Evacuate Collection Set: 6.2ms
[2024-05-15T11:58:12.504+0000][gc,phases   ] GC(0)   Post Evacuate Collection Set: 0.5ms
[2024-05-15T11:58:12.504+0000][gc,phases   ] GC(0)   Other: 0.4ms
[2024-05-15T11:58:12.504+0000][gc,heap     ] GC(0) Eden regions: 51->0(44)
[2024-05-15T11:58:12.504+0000][gc,heap     ] GC(0) Survivor regions: 0->7(7)
[2024-05-15T11:58:12.504+0000][gc,heap     ] GC(0) Old regions: 2->3
[2024-05-15T11:58:12.504+0000][gc,heap     ] GC(0) Humongous regions: 0->0
[2024-05-15T11:58:12.504+0000][gc,metaspace] GC(0) Metaspace: 18079K(18368K)->18079K(18368K) NonClass: 16022K(16192K)->16022K(16192K) Class: 2057K(2176K)->2057K(2176K)
[2024-05-15T11:58:12.504+0000][gc          ] GC(0) Pause Young (Normal) (G1 Evacuation Pause) 52M->8M(1024M) 8.065ms
[2024-05-15T11:58:12.504+0000][gc,cpu      ] GC(0) User=0.01s Sys=0.00s Real=0.01s
[2024-05-15T11:58:12.730+0000][gc,start    ] GC(1) Pause Young (Concurrent Start) (Metadata GC Threshold)
[2024-05-15T11:58:12.730+0000][gc,task     ] GC(1) Using 2 workers of 2 for evacuation
[2024-05-15T11:58:12.736+0000][gc,phases   ] GC(1)   Pre Evacuate Collection Set: 0.1ms
[2024-05-15T11:58:12.736+0000][gc,phases   ] GC(1)   Merge Heap Roots: 0.0ms
[2024-05-15T11:58:12.737+0000][gc,phases   ] GC(1)   Evacuate Collection Set: 5.9ms
[2024-05-15T11:58:12.737+0000][gc,phases   ] GC(1)   Post Evacuate Collection Set: 0.4ms
[2024-05-15T11:58:12.737+0000][gc,phases   ] GC(1)   Other: 0.1ms
[2024-05-15T11:58:12.737+0000][gc,heap     ] GC(1) Eden regions: 12->0(50)
[2024-05-15T11:58:12.737+0000][gc,heap     ] GC(1) Survivor regions: 7->1(7)
[2024-05-15T11:58:12.737+0000][gc,heap     ] GC(1) Old regions: 3->10
[2024-05-15T11:58:12.737+0000][gc,heap     ] GC(1) Humongous regions: 0->0
[2024-05-15T11:58:12.737+0000][gc,metaspace] GC(1) Metaspace: 21305K(21504K)->21305K(21504K) NonClass: 18839K(18944K)->18839K(18944K) Class: 2465K(2560K)->2465K(2560K)
[2024-05-15T11:58:12.737+0000][gc          ] GC(1) Pause Young (Concurrent Start) (Metadata GC Threshold) 20M->9M(1024M) 6.868ms
[2024-05-15T11:58:12.737+0000][gc,cpu      ] GC(1) User=0.01s Sys=0.00s Real=0.00s
[2024-05-15T11:58:12.737+0000][gc          ] GC(2) Concurrent Mark Cycle
[2024-05-15T11:58:12.737+0000][gc,marking  ] GC(2) Concurrent Scan Root Regions
[2024-05-15T11:58:12.741+0000][gc,marking  ] GC(2) Concurrent Scan Root Regions 3.910ms
[2024-05-15T11:58:12.741+0000][gc,marking  ] GC(2) Concurrent Mark
[2024-05-15T11:58:12.741+0000][gc,marking  ] GC(2) Concurrent Mark From Roots
[2024-05-15T11:58:12.741+0000][gc,task     ] GC(2) Using 1 workers of 1 for marking
[2024-05-15T11:58:12.746+0000][gc,marking  ] GC(2) Concurrent Mark From Roots 5.176ms
[2024-05-15T11:58:12.746+0000][gc,marking  ] GC(2) Concurrent Preclean
[2024-05-15T11:58:12.746+0000][gc,marking  ] GC(2) Concurrent Preclean 0.022ms
[2024-05-15T11:58:12.746+0000][gc,start    ] GC(2) Pause Remark
[2024-05-15T11:58:12.749+0000][gc          ] GC(2) Pause Remark 10M->10M(1024M) 2.750ms
[2024-05-15T11:58:12.749+0000][gc,cpu      ] GC(2) User=0.00s Sys=0.00s Real=0.01s
[2024-05-15T11:58:12.749+0000][gc,marking  ] GC(2) Concurrent Mark 8.216ms
[2024-05-15T11:58:12.749+0000][gc,marking  ] GC(2) Concurrent Rebuild Remembered Sets and Scrub Regions
[2024-05-15T11:58:12.752+0000][gc,marking  ] GC(2) Concurrent Rebuild Remembered Sets and Scrub Regions 3.202ms
[2024-05-15T11:58:12.752+0000][gc,start    ] GC(2) Pause Cleanup
[2024-05-15T11:58:12.752+0000][gc          ] GC(2) Pause Cleanup 10M->10M(1024M) 0.138ms
[2024-05-15T11:58:12.753+0000][gc,cpu      ] GC(2) User=0.00s Sys=0.00s Real=0.00s
[2024-05-15T11:58:12.753+0000][gc,marking  ] GC(2) Concurrent Clear Claimed Marks
[2024-05-15T11:58:12.753+0000][gc,marking  ] GC(2) Concurrent Clear Claimed Marks 0.037ms
[2024-05-15T11:58:12.753+0000][gc,marking  ] GC(2) Concurrent Cleanup for Next Mark
[2024-05-15T11:58:12.758+0000][gc,marking  ] GC(2) Concurrent Cleanup for Next Mark 5.306ms
[2024-05-15T11:58:12.758+0000][gc          ] GC(2) Concurrent Mark Cycle 21.353ms
[2024-05-15T11:58:13.711+0000][gc,start    ] GC(3) Pause Young (Prepare Mixed) (G1 Evacuation Pause)
[2024-05-15T11:58:13.711+0000][gc,task     ] GC(3) Using 2 workers of 2 for evacuation
[2024-05-15T11:58:13.719+0000][gc,phases   ] GC(3)   Pre Evacuate Collection Set: 0.1ms
[2024-05-15T11:58:13.719+0000][gc,phases   ] GC(3)   Merge Heap Roots: 0.0ms
[2024-05-15T11:58:13.719+0000][gc,phases   ] GC(3)   Evacuate Collection Set: 7.6ms
[2024-05-15T11:58:13.719+0000][gc,phases   ] GC(3)   Post Evacuate Collection Set: 0.5ms
[2024-05-15T11:58:13.719+0000][gc,phases   ] GC(3)   Other: 0.1ms
[2024-05-15T11:58:13.719+0000][gc,heap     ] GC(3) Eden regions: 50->0(44)
[2024-05-15T11:58:13.719+0000][gc,heap     ] GC(3) Survivor regions: 1->7(7)
[2024-05-15T11:58:13.719+0000][gc,heap     ] GC(3) Old regions: 10->10
[2024-05-15T11:58:13.719+0000][gc,heap     ] GC(3) Humongous regions: 129->129
[2024-05-15T11:58:13.719+0000][gc,metaspace] GC(3) Metaspace: 31985K(32320K)->31985K(32320K) NonClass: 28438K(28608K)->28438K(28608K) Class: 3546K(3712K)->3546K(3712K)
[2024-05-15T11:58:13.719+0000][gc          ] GC(3) Pause Young (Prepare Mixed) (G1 Evacuation Pause) 188M->144M(1024M) 8.704ms
[2024-05-15T11:58:13.719+0000][gc,cpu      ] GC(3) User=0.02s Sys=0.00s Real=0.00s
[2024-05-15T11:58:14.125+0000][gc,start    ] GC(4) Pause Young (Mixed) (Metadata GC Threshold)
[2024-05-15T11:58:14.125+0000][gc,task     ] GC(4) Using 2 workers of 2 for evacuation
[2024-05-15T11:58:14.136+0000][gc,phases   ] GC(4)   Pre Evacuate Collection Set: 0.2ms
[2024-05-15T11:58:14.136+0000][gc,phases   ] GC(4)   Merge Heap Roots: 0.1ms
[2024-05-15T11:58:14.136+0000][gc,phases   ] GC(4)   Evacuate Collection Set: 9.5ms
[2024-05-15T11:58:14.136+0000][gc,phases   ] GC(4)   Post Evacuate Collection Set: 0.4ms
[2024-05-15T11:58:14.136+0000][gc,phases   ] GC(4)   Other: 0.1ms
[2024-05-15T11:58:14.136+0000][gc,heap     ] GC(4) Eden regions: 16->0(49)
[2024-05-15T11:58:14.136+0000][gc,heap     ] GC(4) Survivor regions: 7->2(7)
[2024-05-15T11:58:14.136+0000][gc,heap     ] GC(4) Old regions: 10->16
[2024-05-15T11:58:14.136+0000][gc,heap     ] GC(4) Humongous regions: 129->129
[2024-05-15T11:58:14.136+0000][gc,metaspace] GC(4) Metaspace: 35906K(36160K)->35906K(36160K) NonClass: 31993K(32128K)->31993K(32128K) Class: 3913K(4032K)->3913K(4032K)
[2024-05-15T11:58:14.136+0000][gc          ] GC(4) Pause Young (Mixed) (Metadata GC Threshold) 160M->145M(1024M) 10.552ms
[2024-05-15T11:58:14.136+0000][gc,cpu      ] GC(4) User=0.02s Sys=0.00s Real=0.01s
[2024-05-15T11:58:14.191+0000][gc,start    ] GC(5) Pause Young (Concurrent Start) (Metadata GC Threshold)
[2024-05-15T11:58:14.191+0000][gc,task     ] GC(5) Using 2 workers of 2 for evacuation
[2024-05-15T11:58:14.196+0000][gc,phases   ] GC(5)   Pre Evacuate Collection Set: 0.2ms
[2024-05-15T11:58:14.196+0000][gc,phases   ] GC(5)   Merge Heap Roots: 0.0ms
[2024-05-15T11:58:14.196+0000][gc,phases   ] GC(5)   Evacuate Collection Set: 4.1ms
[2024-05-15T11:58:14.196+0000][gc,phases   ] GC(5)   Post Evacuate Collection Set: 0.4ms
[2024-05-15T11:58:14.196+0000][gc,phases   ] GC(5)   Other: 0.2ms
[2024-05-15T11:58:14.196+0000][gc,heap     ] GC(5) Eden regions: 4->0(49)
[2024-05-15T11:58:14.196+0000][gc,heap     ] GC(5) Survivor regions: 2->2(7)
[2024-05-15T11:58:14.196+0000][gc,heap     ] GC(5) Old regions: 16->16
[2024-05-15T11:58:14.196+0000][gc,heap     ] GC(5) Humongous regions: 129->129
[2024-05-15T11:58:14.197+0000][gc,metaspace] GC(5) Metaspace: 36182K(36480K)->36182K(36480K) NonClass: 32203K(32384K)->32203K(32384K) Class: 3978K(4096K)->3978K(4096K)
[2024-05-15T11:58:14.197+0000][gc          ] GC(5) Pause Young (Concurrent Start) (Metadata GC Threshold) 148M->145M(1024M) 5.789ms
[2024-05-15T11:58:14.197+0000][gc,cpu      ] GC(5) User=0.01s Sys=0.00s Real=0.00s
[2024-05-15T11:58:14.197+0000][gc          ] GC(6) Concurrent Mark Cycle
[2024-05-15T11:58:14.197+0000][gc,marking  ] GC(6) Concurrent Scan Root Regions
[2024-05-15T11:58:14.198+0000][gc,marking  ] GC(6) Concurrent Scan Root Regions 1.372ms
[2024-05-15T11:58:14.198+0000][gc,marking  ] GC(6) Concurrent Mark
[2024-05-15T11:58:14.198+0000][gc,marking  ] GC(6) Concurrent Mark From Roots
[2024-05-15T11:58:14.198+0000][gc,task     ] GC(6) Using 1 workers of 1 for marking
[2024-05-15T11:58:14.262+0000][gc,marking  ] GC(6) Concurrent Mark From Roots 63.264ms
[2024-05-15T11:58:14.262+0000][gc,marking  ] GC(6) Concurrent Preclean
[2024-05-15T11:58:14.262+0000][gc,marking  ] GC(6) Concurrent Preclean 0.279ms
[2024-05-15T11:58:14.262+0000][gc,start    ] GC(6) Pause Remark
[2024-05-15T11:58:14.268+0000][gc          ] GC(6) Pause Remark 149M->149M(1024M) 5.092ms
[2024-05-15T11:58:14.268+0000][gc,cpu      ] GC(6) User=0.01s Sys=0.00s Real=0.00s
[2024-05-15T11:58:14.268+0000][gc,marking  ] GC(6) Concurrent Mark 69.292ms
[2024-05-15T11:58:14.268+0000][gc,marking  ] GC(6) Concurrent Rebuild Remembered Sets and Scrub Regions
[2024-05-15T11:58:14.282+0000][gc,marking  ] GC(6) Concurrent Rebuild Remembered Sets and Scrub Regions 14.084ms
[2024-05-15T11:58:14.282+0000][gc,start    ] GC(6) Pause Cleanup
[2024-05-15T11:58:14.282+0000][gc          ] GC(6) Pause Cleanup 149M->149M(1024M) 0.164ms
[2024-05-15T11:58:14.282+0000][gc,cpu      ] GC(6) User=0.00s Sys=0.00s Real=0.00s
[2024-05-15T11:58:14.282+0000][gc,marking  ] GC(6) Concurrent Clear Claimed Marks
[2024-05-15T11:58:14.282+0000][gc,marking  ] GC(6) Concurrent Clear Claimed Marks 0.059ms
[2024-05-15T11:58:14.283+0000][gc,marking  ] GC(6) Concurrent Cleanup for Next Mark
[2024-05-15T11:58:14.285+0000][gc,marking  ] GC(6) Concurrent Cleanup for Next Mark 2.076ms
[2024-05-15T11:58:14.285+0000][gc          ] GC(6) Concurrent Mark Cycle 87.972ms
[2024-05-15T12:19:12.801+0000][gc,start    ] GC(7) Pause Young (Prepare Mixed) (G1 Evacuation Pause)
[2024-05-15T12:19:12.801+0000][gc,task     ] GC(7) Using 2 workers of 2 for evacuation
[2024-05-15T12:19:12.807+0000][gc,phases   ] GC(7)   Pre Evacuate Collection Set: 0.1ms
[2024-05-15T12:19:12.807+0000][gc,phases   ] GC(7)   Merge Heap Roots: 0.1ms
[2024-05-15T12:19:12.807+0000][gc,phases   ] GC(7)   Evacuate Collection Set: 4.6ms
[2024-05-15T12:19:12.807+0000][gc,phases   ] GC(7)   Post Evacuate Collection Set: 0.7ms
[2024-05-15T12:19:12.807+0000][gc,phases   ] GC(7)   Other: 0.1ms
[2024-05-15T12:19:12.807+0000][gc,heap     ] GC(7) Eden regions: 49->0(48)
[2024-05-15T12:19:12.807+0000][gc,heap     ] GC(7) Survivor regions: 2->3(7)
[2024-05-15T12:19:12.807+0000][gc,heap     ] GC(7) Old regions: 16->16
[2024-05-15T12:19:12.807+0000][gc,heap     ] GC(7) Humongous regions: 129->129
[2024-05-15T12:19:12.807+0000][gc,metaspace] GC(7) Metaspace: 40551K(41088K)->40551K(41088K) NonClass: 35923K(36224K)->35923K(36224K) Class: 4627K(4864K)->4627K(4864K)
[2024-05-15T12:19:12.807+0000][gc          ] GC(7) Pause Young (Prepare Mixed) (G1 Evacuation Pause) 194M->147M(1024M) 5.907ms
[2024-05-15T12:19:12.807+0000][gc,cpu      ] GC(7) User=0.01s Sys=0.00s Real=0.00s
[2024-05-15T12:56:01.442+0000][gc,start    ] GC(8) Pause Young (Mixed) (G1 Evacuation Pause)
[2024-05-15T12:56:01.442+0000][gc,task     ] GC(8) Using 2 workers of 2 for evacuation
[2024-05-15T12:56:01.448+0000][gc,phases   ] GC(8)   Pre Evacuate Collection Set: 0.2ms
[2024-05-15T12:56:01.448+0000][gc,phases   ] GC(8)   Merge Heap Roots: 0.1ms
[2024-05-15T12:56:01.448+0000][gc,phases   ] GC(8)   Evacuate Collection Set: 5.4ms
[2024-05-15T12:56:01.448+0000][gc,phases   ] GC(8)   Post Evacuate Collection Set: 0.4ms
[2024-05-15T12:56:01.448+0000][gc,phases   ] GC(8)   Other: 0.1ms
[2024-05-15T12:56:01.448+0000][gc,heap     ] GC(8) Eden regions: 48->0(48)
[2024-05-15T12:56:01.448+0000][gc,heap     ] GC(8) Survivor regions: 3->3(7)
[2024-05-15T12:56:01.448+0000][gc,heap     ] GC(8) Old regions: 16->16
[2024-05-15T12:56:01.448+0000][gc,heap     ] GC(8) Humongous regions: 129->129
[2024-05-15T12:56:01.448+0000][gc,metaspace] GC(8) Metaspace: 40862K(41344K)->40862K(41344K) NonClass: 36234K(36480K)->36234K(36480K) Class: 4627K(4864K)->4627K(4864K)
[2024-05-15T12:56:01.448+0000][gc          ] GC(8) Pause Young (Mixed) (G1 Evacuation Pause) 195M->147M(1024M) 6.363ms
[2024-05-15T12:56:01.448+0000][gc,cpu      ] GC(8) User=0.00s Sys=0.01s Real=0.00s
