[2024-05-29T14:13:52.519+0000][gc,init] CardTable entry size: 512
[2024-05-29T14:13:52.519+0000][gc     ] Using G1
[2024-05-29T14:13:52.530+0000][gc,init] Version: 21.0.2+13-LTS (release)
[2024-05-29T14:13:52.530+0000][gc,init] CPUs: 2 total, 2 available
[2024-05-29T14:13:52.530+0000][gc,init] Memory: 7929M
[2024-05-29T14:13:52.530+0000][gc,init] Large Page Support: Disabled
[2024-05-29T14:13:52.530+0000][gc,init] NUMA Support: Disabled
[2024-05-29T14:13:52.530+0000][gc,init] Compressed Oops: Enabled (32-bit)
[2024-05-29T14:13:52.530+0000][gc,init] Heap Region Size: 1M
[2024-05-29T14:13:52.530+0000][gc,init] Heap Min Capacity: 1G
[2024-05-29T14:13:52.530+0000][gc,init] Heap Initial Capacity: 1G
[2024-05-29T14:13:52.530+0000][gc,init] Heap Max Capacity: 1G
[2024-05-29T14:13:52.530+0000][gc,init] Pre-touch: Disabled
[2024-05-29T14:13:52.530+0000][gc,init] Parallel Workers: 2
[2024-05-29T14:13:52.530+0000][gc,init] Concurrent Workers: 1
[2024-05-29T14:13:52.530+0000][gc,init] Concurrent Refinement Workers: 2
[2024-05-29T14:13:52.530+0000][gc,init] Periodic GC: Disabled
[2024-05-29T14:13:52.537+0000][gc,metaspace] CDS archive(s) mapped at: [0x00007c15fb000000-0x00007c15fbca6000-0x00007c15fbca6000), size 13262848, SharedBaseAddress: 0x00007c15fb000000, ArchiveRelocationMode: 1.
[2024-05-29T14:13:52.537+0000][gc,metaspace] Compressed class space mapped at: 0x00007c15fc000000-0x00007c163c000000, reserved size: 1073741824
[2024-05-29T14:13:52.537+0000][gc,metaspace] Narrow klass base: 0x00007c15fb000000, Narrow klass shift: 0, Narrow klass range: 0x100000000
[2024-05-29T14:13:54.195+0000][gc,start    ] GC(0) Pause Young (Normal) (G1 Evacuation Pause)
[2024-05-29T14:13:54.196+0000][gc,task     ] GC(0) Using 2 workers of 2 for evacuation
[2024-05-29T14:13:54.211+0000][gc,phases   ] GC(0)   Pre Evacuate Collection Set: 0.1ms
[2024-05-29T14:13:54.211+0000][gc,phases   ] GC(0)   Merge Heap Roots: 0.1ms
[2024-05-29T14:13:54.211+0000][gc,phases   ] GC(0)   Evacuate Collection Set: 14.7ms
[2024-05-29T14:13:54.211+0000][gc,phases   ] GC(0)   Post Evacuate Collection Set: 0.5ms
[2024-05-29T14:13:54.212+0000][gc,phases   ] GC(0)   Other: 1.1ms
[2024-05-29T14:13:54.212+0000][gc,heap     ] GC(0) Eden regions: 51->0(44)
[2024-05-29T14:13:54.212+0000][gc,heap     ] GC(0) Survivor regions: 0->7(7)
[2024-05-29T14:13:54.212+0000][gc,heap     ] GC(0) Old regions: 2->3
[2024-05-29T14:13:54.212+0000][gc,heap     ] GC(0) Humongous regions: 0->0
[2024-05-29T14:13:54.212+0000][gc,metaspace] GC(0) Metaspace: 18341K(18560K)->18341K(18560K) NonClass: 16262K(16384K)->16262K(16384K) Class: 2079K(2176K)->2079K(2176K)
[2024-05-29T14:13:54.212+0000][gc          ] GC(0) Pause Young (Normal) (G1 Evacuation Pause) 52M->8M(1024M) 16.706ms
[2024-05-29T14:13:54.212+0000][gc,cpu      ] GC(0) User=0.01s Sys=0.00s Real=0.02s
[2024-05-29T14:13:54.518+0000][gc,start    ] GC(1) Pause Young (Concurrent Start) (Metadata GC Threshold)
[2024-05-29T14:13:54.518+0000][gc,task     ] GC(1) Using 2 workers of 2 for evacuation
[2024-05-29T14:13:54.533+0000][gc,phases   ] GC(1)   Pre Evacuate Collection Set: 0.1ms
[2024-05-29T14:13:54.533+0000][gc,phases   ] GC(1)   Merge Heap Roots: 0.0ms
[2024-05-29T14:13:54.533+0000][gc,phases   ] GC(1)   Evacuate Collection Set: 14.5ms
[2024-05-29T14:13:54.533+0000][gc,phases   ] GC(1)   Post Evacuate Collection Set: 0.5ms
[2024-05-29T14:13:54.533+0000][gc,phases   ] GC(1)   Other: 0.1ms
[2024-05-29T14:13:54.533+0000][gc,heap     ] GC(1) Eden regions: 11->0(50)
[2024-05-29T14:13:54.533+0000][gc,heap     ] GC(1) Survivor regions: 7->1(7)
[2024-05-29T14:13:54.533+0000][gc,heap     ] GC(1) Old regions: 3->10
[2024-05-29T14:13:54.533+0000][gc,heap     ] GC(1) Humongous regions: 0->0
[2024-05-29T14:13:54.533+0000][gc,metaspace] GC(1) Metaspace: 21318K(21504K)->21318K(21504K) NonClass: 18852K(18944K)->18852K(18944K) Class: 2466K(2560K)->2466K(2560K)
[2024-05-29T14:13:54.533+0000][gc          ] GC(1) Pause Young (Concurrent Start) (Metadata GC Threshold) 19M->9M(1024M) 15.449ms
[2024-05-29T14:13:54.533+0000][gc,cpu      ] GC(1) User=0.01s Sys=0.00s Real=0.02s
[2024-05-29T14:13:54.533+0000][gc          ] GC(2) Concurrent Mark Cycle
[2024-05-29T14:13:54.533+0000][gc,marking  ] GC(2) Concurrent Scan Root Regions
[2024-05-29T14:13:54.537+0000][gc,marking  ] GC(2) Concurrent Scan Root Regions 3.341ms
[2024-05-29T14:13:54.537+0000][gc,marking  ] GC(2) Concurrent Mark
[2024-05-29T14:13:54.537+0000][gc,marking  ] GC(2) Concurrent Mark From Roots
[2024-05-29T14:13:54.537+0000][gc,task     ] GC(2) Using 1 workers of 1 for marking
[2024-05-29T14:13:54.543+0000][gc,marking  ] GC(2) Concurrent Mark From Roots 6.618ms
[2024-05-29T14:13:54.543+0000][gc,marking  ] GC(2) Concurrent Preclean
[2024-05-29T14:13:54.543+0000][gc,marking  ] GC(2) Concurrent Preclean 0.016ms
[2024-05-29T14:13:54.544+0000][gc,start    ] GC(2) Pause Remark
[2024-05-29T14:13:54.546+0000][gc          ] GC(2) Pause Remark 10M->10M(1024M) 2.439ms
[2024-05-29T14:13:54.546+0000][gc,cpu      ] GC(2) User=0.00s Sys=0.00s Real=0.00s
[2024-05-29T14:13:54.546+0000][gc,marking  ] GC(2) Concurrent Mark 9.520ms
[2024-05-29T14:13:54.546+0000][gc,marking  ] GC(2) Concurrent Rebuild Remembered Sets and Scrub Regions
[2024-05-29T14:13:54.551+0000][gc,marking  ] GC(2) Concurrent Rebuild Remembered Sets and Scrub Regions 4.705ms
[2024-05-29T14:13:54.551+0000][gc,start    ] GC(2) Pause Cleanup
[2024-05-29T14:13:54.551+0000][gc          ] GC(2) Pause Cleanup 10M->10M(1024M) 0.185ms
[2024-05-29T14:13:54.551+0000][gc,cpu      ] GC(2) User=0.00s Sys=0.00s Real=0.00s
[2024-05-29T14:13:54.551+0000][gc,marking  ] GC(2) Concurrent Clear Claimed Marks
[2024-05-29T14:13:54.551+0000][gc,marking  ] GC(2) Concurrent Clear Claimed Marks 0.022ms
[2024-05-29T14:13:54.551+0000][gc,marking  ] GC(2) Concurrent Cleanup for Next Mark
[2024-05-29T14:13:54.569+0000][gc,marking  ] GC(2) Concurrent Cleanup for Next Mark 17.217ms
[2024-05-29T14:13:54.569+0000][gc          ] GC(2) Concurrent Mark Cycle 35.523ms
[2024-05-29T14:13:55.680+0000][gc,start    ] GC(3) Pause Young (Prepare Mixed) (G1 Evacuation Pause)
[2024-05-29T14:13:55.680+0000][gc,task     ] GC(3) Using 2 workers of 2 for evacuation
[2024-05-29T14:13:55.692+0000][gc,phases   ] GC(3)   Pre Evacuate Collection Set: 0.1ms
[2024-05-29T14:13:55.692+0000][gc,phases   ] GC(3)   Merge Heap Roots: 0.0ms
[2024-05-29T14:13:55.692+0000][gc,phases   ] GC(3)   Evacuate Collection Set: 10.4ms
[2024-05-29T14:13:55.692+0000][gc,phases   ] GC(3)   Post Evacuate Collection Set: 0.6ms
[2024-05-29T14:13:55.692+0000][gc,phases   ] GC(3)   Other: 0.1ms
[2024-05-29T14:13:55.692+0000][gc,heap     ] GC(3) Eden regions: 50->0(44)
[2024-05-29T14:13:55.692+0000][gc,heap     ] GC(3) Survivor regions: 1->7(7)
[2024-05-29T14:13:55.692+0000][gc,heap     ] GC(3) Old regions: 10->10
[2024-05-29T14:13:55.692+0000][gc,heap     ] GC(3) Humongous regions: 129->129
[2024-05-29T14:13:55.692+0000][gc,metaspace] GC(3) Metaspace: 32534K(32896K)->32534K(32896K) NonClass: 29036K(29248K)->29036K(29248K) Class: 3497K(3648K)->3497K(3648K)
[2024-05-29T14:13:55.692+0000][gc          ] GC(3) Pause Young (Prepare Mixed) (G1 Evacuation Pause) 188M->145M(1024M) 11.355ms
[2024-05-29T14:13:55.692+0000][gc,cpu      ] GC(3) User=0.02s Sys=0.00s Real=0.01s
[2024-05-29T14:13:56.024+0000][gc,start    ] GC(4) Pause Young (Mixed) (Metadata GC Threshold)
[2024-05-29T14:13:56.024+0000][gc,task     ] GC(4) Using 2 workers of 2 for evacuation
[2024-05-29T14:13:56.035+0000][gc,phases   ] GC(4)   Pre Evacuate Collection Set: 0.2ms
[2024-05-29T14:13:56.035+0000][gc,phases   ] GC(4)   Merge Heap Roots: 0.1ms
[2024-05-29T14:13:56.035+0000][gc,phases   ] GC(4)   Evacuate Collection Set: 10.2ms
[2024-05-29T14:13:56.035+0000][gc,phases   ] GC(4)   Post Evacuate Collection Set: 0.5ms
[2024-05-29T14:13:56.035+0000][gc,phases   ] GC(4)   Other: 0.1ms
[2024-05-29T14:13:56.035+0000][gc,heap     ] GC(4) Eden regions: 17->0(50)
[2024-05-29T14:13:56.035+0000][gc,heap     ] GC(4) Survivor regions: 7->1(7)
[2024-05-29T14:13:56.035+0000][gc,heap     ] GC(4) Old regions: 10->16
[2024-05-29T14:13:56.035+0000][gc,heap     ] GC(4) Humongous regions: 129->129
[2024-05-29T14:13:56.035+0000][gc,metaspace] GC(4) Metaspace: 35825K(36096K)->35825K(36096K) NonClass: 31889K(32000K)->31889K(32000K) Class: 3935K(4096K)->3935K(4096K)
[2024-05-29T14:13:56.035+0000][gc          ] GC(4) Pause Young (Mixed) (Metadata GC Threshold) 161M->145M(1024M) 11.232ms
[2024-05-29T14:13:56.035+0000][gc,cpu      ] GC(4) User=0.02s Sys=0.00s Real=0.01s
[2024-05-29T14:13:56.064+0000][gc,start    ] GC(5) Pause Young (Concurrent Start) (Metadata GC Threshold)
[2024-05-29T14:13:56.064+0000][gc,task     ] GC(5) Using 2 workers of 2 for evacuation
[2024-05-29T14:13:56.066+0000][gc,phases   ] GC(5)   Pre Evacuate Collection Set: 0.2ms
[2024-05-29T14:13:56.066+0000][gc,phases   ] GC(5)   Merge Heap Roots: 0.0ms
[2024-05-29T14:13:56.066+0000][gc,phases   ] GC(5)   Evacuate Collection Set: 1.8ms
[2024-05-29T14:13:56.066+0000][gc,phases   ] GC(5)   Post Evacuate Collection Set: 0.4ms
[2024-05-29T14:13:56.066+0000][gc,phases   ] GC(5)   Other: 0.1ms
[2024-05-29T14:13:56.066+0000][gc,heap     ] GC(5) Eden regions: 2->0(50)
[2024-05-29T14:13:56.066+0000][gc,heap     ] GC(5) Survivor regions: 1->1(7)
[2024-05-29T14:13:56.066+0000][gc,heap     ] GC(5) Old regions: 16->16
[2024-05-29T14:13:56.066+0000][gc,heap     ] GC(5) Humongous regions: 129->129
[2024-05-29T14:13:56.066+0000][gc,metaspace] GC(5) Metaspace: 36164K(36416K)->36164K(36416K) NonClass: 32179K(32320K)->32179K(32320K) Class: 3985K(4096K)->3985K(4096K)
[2024-05-29T14:13:56.067+0000][gc          ] GC(5) Pause Young (Concurrent Start) (Metadata GC Threshold) 147M->145M(1024M) 2.790ms
[2024-05-29T14:13:56.067+0000][gc,cpu      ] GC(5) User=0.00s Sys=0.00s Real=0.00s
[2024-05-29T14:13:56.067+0000][gc          ] GC(6) Concurrent Mark Cycle
[2024-05-29T14:13:56.068+0000][gc,marking  ] GC(6) Concurrent Scan Root Regions
[2024-05-29T14:13:56.069+0000][gc,marking  ] GC(6) Concurrent Scan Root Regions 1.235ms
[2024-05-29T14:13:56.069+0000][gc,marking  ] GC(6) Concurrent Mark
[2024-05-29T14:13:56.069+0000][gc,marking  ] GC(6) Concurrent Mark From Roots
[2024-05-29T14:13:56.069+0000][gc,task     ] GC(6) Using 1 workers of 1 for marking
[2024-05-29T14:13:56.100+0000][gc,marking  ] GC(6) Concurrent Mark From Roots 30.973ms
[2024-05-29T14:13:56.100+0000][gc,marking  ] GC(6) Concurrent Preclean
[2024-05-29T14:13:56.100+0000][gc,marking  ] GC(6) Concurrent Preclean 0.058ms
[2024-05-29T14:13:56.101+0000][gc,start    ] GC(6) Pause Remark
[2024-05-29T14:13:56.104+0000][gc          ] GC(6) Pause Remark 147M->147M(1024M) 3.383ms
[2024-05-29T14:13:56.104+0000][gc,cpu      ] GC(6) User=0.01s Sys=0.00s Real=0.00s
[2024-05-29T14:13:56.104+0000][gc,marking  ] GC(6) Concurrent Mark 35.004ms
[2024-05-29T14:13:56.104+0000][gc,marking  ] GC(6) Concurrent Rebuild Remembered Sets and Scrub Regions
[2024-05-29T14:13:56.112+0000][gc,marking  ] GC(6) Concurrent Rebuild Remembered Sets and Scrub Regions 7.739ms
[2024-05-29T14:13:56.112+0000][gc,start    ] GC(6) Pause Cleanup
[2024-05-29T14:13:56.112+0000][gc          ] GC(6) Pause Cleanup 147M->147M(1024M) 0.161ms
[2024-05-29T14:13:56.112+0000][gc,cpu      ] GC(6) User=0.00s Sys=0.00s Real=0.00s
[2024-05-29T14:13:56.112+0000][gc,marking  ] GC(6) Concurrent Clear Claimed Marks
[2024-05-29T14:13:56.112+0000][gc,marking  ] GC(6) Concurrent Clear Claimed Marks 0.032ms
[2024-05-29T14:13:56.112+0000][gc,marking  ] GC(6) Concurrent Cleanup for Next Mark
[2024-05-29T14:13:56.114+0000][gc,marking  ] GC(6) Concurrent Cleanup for Next Mark 1.089ms
[2024-05-29T14:13:56.114+0000][gc          ] GC(6) Concurrent Mark Cycle 47.015ms
[2024-05-29T14:17:03.076+0000][gc,start    ] GC(7) Pause Young (Prepare Mixed) (G1 Evacuation Pause)
[2024-05-29T14:17:03.076+0000][gc,task     ] GC(7) Using 2 workers of 2 for evacuation
[2024-05-29T14:17:03.084+0000][gc,phases   ] GC(7)   Pre Evacuate Collection Set: 0.1ms
[2024-05-29T14:17:03.084+0000][gc,phases   ] GC(7)   Merge Heap Roots: 0.1ms
[2024-05-29T14:17:03.084+0000][gc,phases   ] GC(7)   Evacuate Collection Set: 7.3ms
[2024-05-29T14:17:03.084+0000][gc,phases   ] GC(7)   Post Evacuate Collection Set: 0.4ms
[2024-05-29T14:17:03.084+0000][gc,phases   ] GC(7)   Other: 0.1ms
[2024-05-29T14:17:03.084+0000][gc,heap     ] GC(7) Eden regions: 50->0(47)
[2024-05-29T14:17:03.084+0000][gc,heap     ] GC(7) Survivor regions: 1->4(7)
[2024-05-29T14:17:03.084+0000][gc,heap     ] GC(7) Old regions: 16->16
[2024-05-29T14:17:03.084+0000][gc,heap     ] GC(7) Humongous regions: 129->129
[2024-05-29T14:17:03.084+0000][gc,metaspace] GC(7) Metaspace: 40492K(40960K)->40492K(40960K) NonClass: 35912K(36160K)->35912K(36160K) Class: 4580K(4800K)->4580K(4800K)
[2024-05-29T14:17:03.084+0000][gc          ] GC(7) Pause Young (Prepare Mixed) (G1 Evacuation Pause) 195M->148M(1024M) 8.340ms
[2024-05-29T14:17:03.084+0000][gc,cpu      ] GC(7) User=0.01s Sys=0.00s Real=0.01s
[2024-05-29T14:17:30.393+0000][gc,start    ] GC(8) Pause Young (Mixed) (G1 Evacuation Pause)
[2024-05-29T14:17:30.393+0000][gc,task     ] GC(8) Using 2 workers of 2 for evacuation
[2024-05-29T14:17:30.403+0000][gc,phases   ] GC(8)   Pre Evacuate Collection Set: 0.1ms
[2024-05-29T14:17:30.403+0000][gc,phases   ] GC(8)   Merge Heap Roots: 0.1ms
[2024-05-29T14:17:30.403+0000][gc,phases   ] GC(8)   Evacuate Collection Set: 9.0ms
[2024-05-29T14:17:30.403+0000][gc,phases   ] GC(8)   Post Evacuate Collection Set: 0.7ms
[2024-05-29T14:17:30.403+0000][gc,phases   ] GC(8)   Other: 0.1ms
[2024-05-29T14:17:30.403+0000][gc,heap     ] GC(8) Eden regions: 47->0(45)
[2024-05-29T14:17:30.403+0000][gc,heap     ] GC(8) Survivor regions: 4->6(7)
[2024-05-29T14:17:30.403+0000][gc,heap     ] GC(8) Old regions: 16->17
[2024-05-29T14:17:30.403+0000][gc,heap     ] GC(8) Humongous regions: 129->129
[2024-05-29T14:17:30.403+0000][gc,metaspace] GC(8) Metaspace: 42501K(43136K)->42501K(43136K) NonClass: 37653K(38016K)->37653K(38016K) Class: 4847K(5120K)->4847K(5120K)
[2024-05-29T14:17:30.403+0000][gc          ] GC(8) Pause Young (Mixed) (G1 Evacuation Pause) 195M->151M(1024M) 10.243ms
[2024-05-29T14:17:30.403+0000][gc,cpu      ] GC(8) User=0.02s Sys=0.00s Real=0.01s
[2024-05-29T14:17:46.216+0000][gc,start    ] GC(9) Pause Young (Normal) (G1 Evacuation Pause)
[2024-05-29T14:17:46.216+0000][gc,task     ] GC(9) Using 2 workers of 2 for evacuation
[2024-05-29T14:17:46.231+0000][gc,phases   ] GC(9)   Pre Evacuate Collection Set: 0.4ms
[2024-05-29T14:17:46.231+0000][gc,phases   ] GC(9)   Merge Heap Roots: 0.1ms
[2024-05-29T14:17:46.231+0000][gc,phases   ] GC(9)   Evacuate Collection Set: 13.3ms
[2024-05-29T14:17:46.231+0000][gc,phases   ] GC(9)   Post Evacuate Collection Set: 0.7ms
[2024-05-29T14:17:46.231+0000][gc,phases   ] GC(9)   Other: 0.1ms
[2024-05-29T14:17:46.231+0000][gc,heap     ] GC(9) Eden regions: 45->0(44)
[2024-05-29T14:17:46.231+0000][gc,heap     ] GC(9) Survivor regions: 6->7(7)
[2024-05-29T14:17:46.231+0000][gc,heap     ] GC(9) Old regions: 17->20
[2024-05-29T14:17:46.231+0000][gc,heap     ] GC(9) Humongous regions: 129->129
[2024-05-29T14:17:46.231+0000][gc,metaspace] GC(9) Metaspace: 43991K(44608K)->43991K(44608K) NonClass: 38983K(39296K)->38983K(39296K) Class: 5008K(5312K)->5008K(5312K)
[2024-05-29T14:17:46.231+0000][gc          ] GC(9) Pause Young (Normal) (G1 Evacuation Pause) 196M->154M(1024M) 14.925ms
[2024-05-29T14:17:46.231+0000][gc,cpu      ] GC(9) User=0.03s Sys=0.00s Real=0.02s
[2024-05-29T14:18:02.114+0000][gc,start    ] GC(10) Pause Young (Normal) (G1 Evacuation Pause)
[2024-05-29T14:18:02.114+0000][gc,task     ] GC(10) Using 2 workers of 2 for evacuation
[2024-05-29T14:18:02.127+0000][gc,phases   ] GC(10)   Pre Evacuate Collection Set: 0.3ms
[2024-05-29T14:18:02.127+0000][gc,phases   ] GC(10)   Merge Heap Roots: 0.1ms
[2024-05-29T14:18:02.127+0000][gc,phases   ] GC(10)   Evacuate Collection Set: 11.2ms
[2024-05-29T14:18:02.127+0000][gc,phases   ] GC(10)   Post Evacuate Collection Set: 0.6ms
[2024-05-29T14:18:02.127+0000][gc,phases   ] GC(10)   Other: 0.1ms
[2024-05-29T14:18:02.127+0000][gc,heap     ] GC(10) Eden regions: 44->0(44)
[2024-05-29T14:18:02.127+0000][gc,heap     ] GC(10) Survivor regions: 7->7(7)
[2024-05-29T14:18:02.127+0000][gc,heap     ] GC(10) Old regions: 20->23
[2024-05-29T14:18:02.127+0000][gc,heap     ] GC(10) Humongous regions: 129->129
[2024-05-29T14:18:02.127+0000][gc,metaspace] GC(10) Metaspace: 44140K(44800K)->44140K(44800K) NonClass: 39132K(39488K)->39132K(39488K) Class: 5008K(5312K)->5008K(5312K)
[2024-05-29T14:18:02.127+0000][gc          ] GC(10) Pause Young (Normal) (G1 Evacuation Pause) 198M->157M(1024M) 12.587ms
[2024-05-29T14:18:02.127+0000][gc,cpu      ] GC(10) User=0.02s Sys=0.00s Real=0.02s
[2024-05-29T14:18:18.071+0000][gc,start    ] GC(11) Pause Young (Normal) (G1 Evacuation Pause)
[2024-05-29T14:18:18.071+0000][gc,task     ] GC(11) Using 2 workers of 2 for evacuation
[2024-05-29T14:18:18.092+0000][gc,mmu      ] GC(11) MMU target violated: 21.0ms (20.0ms/21.0ms)
[2024-05-29T14:18:18.092+0000][gc,phases   ] GC(11)   Pre Evacuate Collection Set: 0.2ms
[2024-05-29T14:18:18.092+0000][gc,phases   ] GC(11)   Merge Heap Roots: 0.1ms
[2024-05-29T14:18:18.092+0000][gc,phases   ] GC(11)   Evacuate Collection Set: 20.5ms
[2024-05-29T14:18:18.092+0000][gc,phases   ] GC(11)   Post Evacuate Collection Set: 0.5ms
[2024-05-29T14:18:18.092+0000][gc,phases   ] GC(11)   Other: 0.1ms
[2024-05-29T14:18:18.092+0000][gc,heap     ] GC(11) Eden regions: 44->0(44)
[2024-05-29T14:18:18.092+0000][gc,heap     ] GC(11) Survivor regions: 7->7(7)
[2024-05-29T14:18:18.092+0000][gc,heap     ] GC(11) Old regions: 23->26
[2024-05-29T14:18:18.092+0000][gc,heap     ] GC(11) Humongous regions: 129->129
[2024-05-29T14:18:18.092+0000][gc,metaspace] GC(11) Metaspace: 44292K(44992K)->44292K(44992K) NonClass: 39284K(39680K)->39284K(39680K) Class: 5008K(5312K)->5008K(5312K)
[2024-05-29T14:18:18.092+0000][gc          ] GC(11) Pause Young (Normal) (G1 Evacuation Pause) 201M->161M(1024M) 21.659ms
[2024-05-29T14:18:18.093+0000][gc,cpu      ] GC(11) User=0.02s Sys=0.00s Real=0.02s
[2024-05-29T14:20:03.075+0000][gc,start    ] GC(12) Pause Young (Normal) (G1 Evacuation Pause)
[2024-05-29T14:20:03.075+0000][gc,task     ] GC(12) Using 2 workers of 2 for evacuation
[2024-05-29T14:20:03.116+0000][gc,mmu      ] GC(12) MMU target violated: 21.0ms (20.0ms/21.0ms)
[2024-05-29T14:20:03.116+0000][gc,phases   ] GC(12)   Pre Evacuate Collection Set: 0.2ms
[2024-05-29T14:20:03.116+0000][gc,phases   ] GC(12)   Merge Heap Roots: 0.1ms
[2024-05-29T14:20:03.116+0000][gc,phases   ] GC(12)   Evacuate Collection Set: 39.9ms
[2024-05-29T14:20:03.116+0000][gc,phases   ] GC(12)   Post Evacuate Collection Set: 0.5ms
[2024-05-29T14:20:03.116+0000][gc,phases   ] GC(12)   Other: 0.2ms
[2024-05-29T14:20:03.116+0000][gc,heap     ] GC(12) Eden regions: 44->0(44)
[2024-05-29T14:20:03.116+0000][gc,heap     ] GC(12) Survivor regions: 7->7(7)
[2024-05-29T14:20:03.116+0000][gc,heap     ] GC(12) Old regions: 26->30
[2024-05-29T14:20:03.116+0000][gc,heap     ] GC(12) Humongous regions: 129->129
[2024-05-29T14:20:03.116+0000][gc,metaspace] GC(12) Metaspace: 44477K(45120K)->44477K(45120K) NonClass: 39457K(39808K)->39457K(39808K) Class: 5019K(5312K)->5019K(5312K)
[2024-05-29T14:20:03.116+0000][gc          ] GC(12) Pause Young (Normal) (G1 Evacuation Pause) 205M->165M(1024M) 41.323ms
[2024-05-29T14:20:03.116+0000][gc,cpu      ] GC(12) User=0.02s Sys=0.00s Real=0.04s
[2024-05-29T14:20:22.459+0000][gc,start    ] GC(13) Pause Young (Normal) (G1 Evacuation Pause)
[2024-05-29T14:20:22.459+0000][gc,task     ] GC(13) Using 2 workers of 2 for evacuation
[2024-05-29T14:20:22.474+0000][gc,phases   ] GC(13)   Pre Evacuate Collection Set: 0.2ms
[2024-05-29T14:20:22.474+0000][gc,phases   ] GC(13)   Merge Heap Roots: 0.1ms
[2024-05-29T14:20:22.474+0000][gc,phases   ] GC(13)   Evacuate Collection Set: 13.8ms
[2024-05-29T14:20:22.474+0000][gc,phases   ] GC(13)   Post Evacuate Collection Set: 0.5ms
[2024-05-29T14:20:22.474+0000][gc,phases   ] GC(13)   Other: 0.2ms
[2024-05-29T14:20:22.474+0000][gc,heap     ] GC(13) Eden regions: 44->0(44)
[2024-05-29T14:20:22.474+0000][gc,heap     ] GC(13) Survivor regions: 7->7(7)
[2024-05-29T14:20:22.474+0000][gc,heap     ] GC(13) Old regions: 30->33
[2024-05-29T14:20:22.474+0000][gc,heap     ] GC(13) Humongous regions: 129->129
[2024-05-29T14:20:22.474+0000][gc,metaspace] GC(13) Metaspace: 44581K(45248K)->44581K(45248K) NonClass: 39561K(39936K)->39561K(39936K) Class: 5019K(5312K)->5019K(5312K)
[2024-05-29T14:20:22.474+0000][gc          ] GC(13) Pause Young (Normal) (G1 Evacuation Pause) 209M->168M(1024M) 15.199ms
[2024-05-29T14:20:22.474+0000][gc,cpu      ] GC(13) User=0.02s Sys=0.00s Real=0.01s
[2024-05-29T14:20:37.637+0000][gc,start    ] GC(14) Pause Young (Normal) (G1 Evacuation Pause)
[2024-05-29T14:20:37.637+0000][gc,task     ] GC(14) Using 2 workers of 2 for evacuation
[2024-05-29T14:20:37.650+0000][gc,phases   ] GC(14)   Pre Evacuate Collection Set: 0.3ms
[2024-05-29T14:20:37.650+0000][gc,phases   ] GC(14)   Merge Heap Roots: 0.1ms
[2024-05-29T14:20:37.650+0000][gc,phases   ] GC(14)   Evacuate Collection Set: 12.1ms
[2024-05-29T14:20:37.650+0000][gc,phases   ] GC(14)   Post Evacuate Collection Set: 0.4ms
[2024-05-29T14:20:37.650+0000][gc,phases   ] GC(14)   Other: 0.1ms
[2024-05-29T14:20:37.650+0000][gc,heap     ] GC(14) Eden regions: 44->0(44)
[2024-05-29T14:20:37.650+0000][gc,heap     ] GC(14) Survivor regions: 7->7(7)
[2024-05-29T14:20:37.650+0000][gc,heap     ] GC(14) Old regions: 33->37
[2024-05-29T14:20:37.650+0000][gc,heap     ] GC(14) Humongous regions: 129->129
[2024-05-29T14:20:37.650+0000][gc,metaspace] GC(14) Metaspace: 44615K(45248K)->44615K(45248K) NonClass: 39595K(39936K)->39595K(39936K) Class: 5019K(5312K)->5019K(5312K)
[2024-05-29T14:20:37.650+0000][gc          ] GC(14) Pause Young (Normal) (G1 Evacuation Pause) 212M->172M(1024M) 13.205ms
[2024-05-29T14:20:37.650+0000][gc,cpu      ] GC(14) User=0.03s Sys=0.00s Real=0.02s
[2024-05-29T14:20:52.867+0000][gc,start    ] GC(15) Pause Young (Normal) (G1 Evacuation Pause)
[2024-05-29T14:20:52.867+0000][gc,task     ] GC(15) Using 2 workers of 2 for evacuation
[2024-05-29T14:20:52.880+0000][gc,phases   ] GC(15)   Pre Evacuate Collection Set: 0.1ms
[2024-05-29T14:20:52.880+0000][gc,phases   ] GC(15)   Merge Heap Roots: 0.1ms
[2024-05-29T14:20:52.880+0000][gc,phases   ] GC(15)   Evacuate Collection Set: 11.8ms
[2024-05-29T14:20:52.880+0000][gc,phases   ] GC(15)   Post Evacuate Collection Set: 0.4ms
[2024-05-29T14:20:52.880+0000][gc,phases   ] GC(15)   Other: 0.1ms
[2024-05-29T14:20:52.880+0000][gc,heap     ] GC(15) Eden regions: 44->0(47)
[2024-05-29T14:20:52.880+0000][gc,heap     ] GC(15) Survivor regions: 7->4(7)
[2024-05-29T14:20:52.880+0000][gc,heap     ] GC(15) Old regions: 37->43
[2024-05-29T14:20:52.880+0000][gc,heap     ] GC(15) Humongous regions: 129->129
[2024-05-29T14:20:52.880+0000][gc,metaspace] GC(15) Metaspace: 44634K(45248K)->44634K(45248K) NonClass: 39615K(39936K)->39615K(39936K) Class: 5019K(5312K)->5019K(5312K)
[2024-05-29T14:20:52.880+0000][gc          ] GC(15) Pause Young (Normal) (G1 Evacuation Pause) 216M->176M(1024M) 12.808ms
[2024-05-29T14:20:52.880+0000][gc,cpu      ] GC(15) User=0.02s Sys=0.00s Real=0.01s
[2024-05-29T14:29:00.957+0000][gc,start    ] GC(16) Pause Young (Normal) (G1 Evacuation Pause)
[2024-05-29T14:29:00.958+0000][gc,task     ] GC(16) Using 2 workers of 2 for evacuation
[2024-05-29T14:29:00.966+0000][gc,phases   ] GC(16)   Pre Evacuate Collection Set: 0.2ms
[2024-05-29T14:29:00.966+0000][gc,phases   ] GC(16)   Merge Heap Roots: 0.1ms
[2024-05-29T14:29:00.966+0000][gc,phases   ] GC(16)   Evacuate Collection Set: 6.9ms
[2024-05-29T14:29:00.966+0000][gc,phases   ] GC(16)   Post Evacuate Collection Set: 0.5ms
[2024-05-29T14:29:00.966+0000][gc,phases   ] GC(16)   Other: 0.1ms
[2024-05-29T14:29:00.966+0000][gc,heap     ] GC(16) Eden regions: 47->0(49)
[2024-05-29T14:29:00.966+0000][gc,heap     ] GC(16) Survivor regions: 4->2(7)
[2024-05-29T14:29:00.966+0000][gc,heap     ] GC(16) Old regions: 43->47
[2024-05-29T14:29:00.966+0000][gc,heap     ] GC(16) Humongous regions: 129->129
[2024-05-29T14:29:00.966+0000][gc,metaspace] GC(16) Metaspace: 44800K(45376K)->44800K(45376K) NonClass: 39762K(40064K)->39762K(40064K) Class: 5038K(5312K)->5038K(5312K)
[2024-05-29T14:29:00.966+0000][gc          ] GC(16) Pause Young (Normal) (G1 Evacuation Pause) 222M->177M(1024M) 9.873ms
[2024-05-29T14:29:00.966+0000][gc,cpu      ] GC(16) User=0.01s Sys=0.00s Real=0.01s
[2024-05-29T14:45:54.954+0000][gc,start    ] GC(17) Pause Young (Normal) (G1 Evacuation Pause)
[2024-05-29T14:45:54.954+0000][gc,task     ] GC(17) Using 2 workers of 2 for evacuation
[2024-05-29T14:45:54.962+0000][gc,phases   ] GC(17)   Pre Evacuate Collection Set: 0.1ms
[2024-05-29T14:45:54.962+0000][gc,phases   ] GC(17)   Merge Heap Roots: 0.1ms
[2024-05-29T14:45:54.962+0000][gc,phases   ] GC(17)   Evacuate Collection Set: 6.9ms
[2024-05-29T14:45:54.962+0000][gc,phases   ] GC(17)   Post Evacuate Collection Set: 0.5ms
[2024-05-29T14:45:54.962+0000][gc,phases   ] GC(17)   Other: 0.2ms
[2024-05-29T14:45:54.962+0000][gc,heap     ] GC(17) Eden regions: 49->0(51)
[2024-05-29T14:45:54.962+0000][gc,heap     ] GC(17) Survivor regions: 2->2(7)
[2024-05-29T14:45:54.962+0000][gc,heap     ] GC(17) Old regions: 47->47
[2024-05-29T14:45:54.963+0000][gc,heap     ] GC(17) Humongous regions: 129->129
[2024-05-29T14:45:54.963+0000][gc,metaspace] GC(17) Metaspace: 44906K(45568K)->44906K(45568K) NonClass: 39867K(40256K)->39867K(40256K) Class: 5038K(5312K)->5038K(5312K)
[2024-05-29T14:45:54.963+0000][gc          ] GC(17) Pause Young (Normal) (G1 Evacuation Pause) 226M->177M(1024M) 8.725ms
[2024-05-29T14:45:54.963+0000][gc,cpu      ] GC(17) User=0.01s Sys=0.00s Real=0.01s
[2024-05-29T15:05:08.600+0000][gc,start    ] GC(18) Pause Young (Normal) (G1 Evacuation Pause)
[2024-05-29T15:05:08.600+0000][gc,task     ] GC(18) Using 2 workers of 2 for evacuation
[2024-05-29T15:05:08.604+0000][gc,phases   ] GC(18)   Pre Evacuate Collection Set: 0.2ms
[2024-05-29T15:05:08.604+0000][gc,phases   ] GC(18)   Merge Heap Roots: 0.1ms
[2024-05-29T15:05:08.604+0000][gc,phases   ] GC(18)   Evacuate Collection Set: 3.9ms
[2024-05-29T15:05:08.604+0000][gc,phases   ] GC(18)   Post Evacuate Collection Set: 0.4ms
[2024-05-29T15:05:08.604+0000][gc,phases   ] GC(18)   Other: 0.1ms
[2024-05-29T15:05:08.604+0000][gc,heap     ] GC(18) Eden regions: 53->0(612)
[2024-05-29T15:05:08.604+0000][gc,heap     ] GC(18) Survivor regions: 2->2(7)
[2024-05-29T15:05:08.604+0000][gc,heap     ] GC(18) Old regions: 47->47
[2024-05-29T15:05:08.604+0000][gc,heap     ] GC(18) Humongous regions: 129->129
[2024-05-29T15:05:08.604+0000][gc,metaspace] GC(18) Metaspace: 44950K(45568K)->44950K(45568K) NonClass: 39912K(40256K)->39912K(40256K) Class: 5038K(5312K)->5038K(5312K)
[2024-05-29T15:05:08.604+0000][gc          ] GC(18) Pause Young (Normal) (G1 Evacuation Pause) 230M->177M(1024M) 4.870ms
[2024-05-29T15:05:08.605+0000][gc,cpu      ] GC(18) User=0.01s Sys=0.00s Real=0.00s
[2024-05-29T15:34:51.577+0000][gc,heap,exit] Heap
[2024-05-29T15:34:51.577+0000][gc,heap,exit]  garbage-first heap   total 1048576K, used 291781K [0x00000000c0000000, 0x0000000100000000)
[2024-05-29T15:34:51.577+0000][gc,heap,exit]   region size 1024K, 109 young (111616K), 2 survivors (2048K)
[2024-05-29T15:34:51.577+0000][gc,heap,exit]  Metaspace       used 46082K, committed 46720K, reserved 1114112K
[2024-05-29T15:34:51.577+0000][gc,heap,exit]   class space    used 5242K, committed 5504K, reserved 1048576K
