[2024-05-21T10:48:04.517+0000][gc,init] CardTable entry size: 512
[2024-05-21T10:48:04.517+0000][gc     ] Using G1
[2024-05-21T10:48:04.528+0000][gc,init] Version: 21.0.2+13-LTS (release)
[2024-05-21T10:48:04.528+0000][gc,init] CPUs: 2 total, 2 available
[2024-05-21T10:48:04.528+0000][gc,init] Memory: 7929M
[2024-05-21T10:48:04.528+0000][gc,init] Large Page Support: Disabled
[2024-05-21T10:48:04.528+0000][gc,init] NUMA Support: Disabled
[2024-05-21T10:48:04.528+0000][gc,init] Compressed Oops: Enabled (32-bit)
[2024-05-21T10:48:04.528+0000][gc,init] Heap Region Size: 1M
[2024-05-21T10:48:04.528+0000][gc,init] Heap Min Capacity: 1G
[2024-05-21T10:48:04.528+0000][gc,init] Heap Initial Capacity: 1G
[2024-05-21T10:48:04.528+0000][gc,init] Heap Max Capacity: 1G
[2024-05-21T10:48:04.528+0000][gc,init] Pre-touch: Disabled
[2024-05-21T10:48:04.528+0000][gc,init] Parallel Workers: 2
[2024-05-21T10:48:04.528+0000][gc,init] Concurrent Workers: 1
[2024-05-21T10:48:04.528+0000][gc,init] Concurrent Refinement Workers: 2
[2024-05-21T10:48:04.528+0000][gc,init] Periodic GC: Disabled
[2024-05-21T10:48:04.535+0000][gc,metaspace] CDS archive(s) mapped at: [0x0000770d7b000000-0x0000770d7bca6000-0x0000770d7bca6000), size 13262848, SharedBaseAddress: 0x0000770d7b000000, ArchiveRelocationMode: 1.
[2024-05-21T10:48:04.535+0000][gc,metaspace] Compressed class space mapped at: 0x0000770d7c000000-0x0000770dbc000000, reserved size: 1073741824
[2024-05-21T10:48:04.535+0000][gc,metaspace] Narrow klass base: 0x0000770d7b000000, Narrow klass shift: 0, Narrow klass range: 0x100000000
[2024-05-21T10:48:06.177+0000][gc,start    ] GC(0) Pause Young (Normal) (G1 Evacuation Pause)
[2024-05-21T10:48:06.187+0000][gc,task     ] GC(0) Using 2 workers of 2 for evacuation
[2024-05-21T10:48:06.197+0000][gc,phases   ] GC(0)   Pre Evacuate Collection Set: 0.1ms
[2024-05-21T10:48:06.197+0000][gc,phases   ] GC(0)   Merge Heap Roots: 0.1ms
[2024-05-21T10:48:06.197+0000][gc,phases   ] GC(0)   Evacuate Collection Set: 9.0ms
[2024-05-21T10:48:06.197+0000][gc,phases   ] GC(0)   Post Evacuate Collection Set: 0.7ms
[2024-05-21T10:48:06.197+0000][gc,phases   ] GC(0)   Other: 9.9ms
[2024-05-21T10:48:06.197+0000][gc,heap     ] GC(0) Eden regions: 51->0(44)
[2024-05-21T10:48:06.197+0000][gc,heap     ] GC(0) Survivor regions: 0->7(7)
[2024-05-21T10:48:06.197+0000][gc,heap     ] GC(0) Old regions: 2->3
[2024-05-21T10:48:06.197+0000][gc,heap     ] GC(0) Humongous regions: 0->0
[2024-05-21T10:48:06.197+0000][gc,metaspace] GC(0) Metaspace: 18569K(18816K)->18569K(18816K) NonClass: 16459K(16576K)->16459K(16576K) Class: 2110K(2240K)->2110K(2240K)
[2024-05-21T10:48:06.197+0000][gc          ] GC(0) Pause Young (Normal) (G1 Evacuation Pause) 52M->8M(1024M) 20.229ms
[2024-05-21T10:48:06.197+0000][gc,cpu      ] GC(0) User=0.03s Sys=0.00s Real=0.02s
[2024-05-21T10:48:06.527+0000][gc,start    ] GC(1) Pause Young (Concurrent Start) (Metadata GC Threshold)
[2024-05-21T10:48:06.527+0000][gc,task     ] GC(1) Using 2 workers of 2 for evacuation
[2024-05-21T10:48:06.537+0000][gc,phases   ] GC(1)   Pre Evacuate Collection Set: 0.1ms
[2024-05-21T10:48:06.537+0000][gc,phases   ] GC(1)   Merge Heap Roots: 0.0ms
[2024-05-21T10:48:06.537+0000][gc,phases   ] GC(1)   Evacuate Collection Set: 9.1ms
[2024-05-21T10:48:06.537+0000][gc,phases   ] GC(1)   Post Evacuate Collection Set: 0.5ms
[2024-05-21T10:48:06.537+0000][gc,phases   ] GC(1)   Other: 0.1ms
[2024-05-21T10:48:06.537+0000][gc,heap     ] GC(1) Eden regions: 11->0(50)
[2024-05-21T10:48:06.537+0000][gc,heap     ] GC(1) Survivor regions: 7->1(7)
[2024-05-21T10:48:06.537+0000][gc,heap     ] GC(1) Old regions: 3->10
[2024-05-21T10:48:06.537+0000][gc,heap     ] GC(1) Humongous regions: 0->0
[2024-05-21T10:48:06.537+0000][gc,metaspace] GC(1) Metaspace: 21341K(21504K)->21341K(21504K) NonClass: 18875K(18944K)->18875K(18944K) Class: 2465K(2560K)->2465K(2560K)
[2024-05-21T10:48:06.537+0000][gc          ] GC(1) Pause Young (Concurrent Start) (Metadata GC Threshold) 19M->9M(1024M) 10.223ms
[2024-05-21T10:48:06.537+0000][gc,cpu      ] GC(1) User=0.01s Sys=0.00s Real=0.01s
[2024-05-21T10:48:06.537+0000][gc          ] GC(2) Concurrent Mark Cycle
[2024-05-21T10:48:06.538+0000][gc,marking  ] GC(2) Concurrent Scan Root Regions
[2024-05-21T10:48:06.543+0000][gc,marking  ] GC(2) Concurrent Scan Root Regions 5.437ms
[2024-05-21T10:48:06.543+0000][gc,marking  ] GC(2) Concurrent Mark
[2024-05-21T10:48:06.543+0000][gc,marking  ] GC(2) Concurrent Mark From Roots
[2024-05-21T10:48:06.543+0000][gc,task     ] GC(2) Using 1 workers of 1 for marking
[2024-05-21T10:48:06.547+0000][gc,marking  ] GC(2) Concurrent Mark From Roots 4.013ms
[2024-05-21T10:48:06.547+0000][gc,marking  ] GC(2) Concurrent Preclean
[2024-05-21T10:48:06.547+0000][gc,marking  ] GC(2) Concurrent Preclean 0.030ms
[2024-05-21T10:48:06.547+0000][gc,start    ] GC(2) Pause Remark
[2024-05-21T10:48:06.552+0000][gc          ] GC(2) Pause Remark 10M->10M(1024M) 5.227ms
[2024-05-21T10:48:06.552+0000][gc,cpu      ] GC(2) User=0.01s Sys=0.00s Real=0.00s
[2024-05-21T10:48:06.553+0000][gc,marking  ] GC(2) Concurrent Mark 9.508ms
[2024-05-21T10:48:06.553+0000][gc,marking  ] GC(2) Concurrent Rebuild Remembered Sets and Scrub Regions
[2024-05-21T10:48:06.556+0000][gc,marking  ] GC(2) Concurrent Rebuild Remembered Sets and Scrub Regions 3.528ms
[2024-05-21T10:48:06.556+0000][gc,start    ] GC(2) Pause Cleanup
[2024-05-21T10:48:06.556+0000][gc          ] GC(2) Pause Cleanup 10M->10M(1024M) 0.137ms
[2024-05-21T10:48:06.556+0000][gc,cpu      ] GC(2) User=0.00s Sys=0.00s Real=0.00s
[2024-05-21T10:48:06.556+0000][gc,marking  ] GC(2) Concurrent Clear Claimed Marks
[2024-05-21T10:48:06.556+0000][gc,marking  ] GC(2) Concurrent Clear Claimed Marks 0.027ms
[2024-05-21T10:48:06.556+0000][gc,marking  ] GC(2) Concurrent Cleanup for Next Mark
[2024-05-21T10:48:06.562+0000][gc,marking  ] GC(2) Concurrent Cleanup for Next Mark 5.254ms
[2024-05-21T10:48:06.562+0000][gc          ] GC(2) Concurrent Mark Cycle 24.819ms
[2024-05-21T10:48:08.561+0000][gc,start    ] GC(3) Pause Young (Prepare Mixed) (G1 Evacuation Pause)
[2024-05-21T10:48:08.561+0000][gc,task     ] GC(3) Using 2 workers of 2 for evacuation
[2024-05-21T10:48:08.572+0000][gc,phases   ] GC(3)   Pre Evacuate Collection Set: 0.2ms
[2024-05-21T10:48:08.572+0000][gc,phases   ] GC(3)   Merge Heap Roots: 0.1ms
[2024-05-21T10:48:08.572+0000][gc,phases   ] GC(3)   Evacuate Collection Set: 9.9ms
[2024-05-21T10:48:08.572+0000][gc,phases   ] GC(3)   Post Evacuate Collection Set: 0.8ms
[2024-05-21T10:48:08.572+0000][gc,phases   ] GC(3)   Other: 0.1ms
[2024-05-21T10:48:08.572+0000][gc,heap     ] GC(3) Eden regions: 50->0(44)
[2024-05-21T10:48:08.572+0000][gc,heap     ] GC(3) Survivor regions: 1->7(7)
[2024-05-21T10:48:08.572+0000][gc,heap     ] GC(3) Old regions: 10->10
[2024-05-21T10:48:08.572+0000][gc,heap     ] GC(3) Humongous regions: 129->129
[2024-05-21T10:48:08.572+0000][gc,metaspace] GC(3) Metaspace: 31540K(31936K)->31540K(31936K) NonClass: 28058K(28288K)->28058K(28288K) Class: 3482K(3648K)->3482K(3648K)
[2024-05-21T10:48:08.573+0000][gc          ] GC(3) Pause Young (Prepare Mixed) (G1 Evacuation Pause) 188M->144M(1024M) 11.266ms
[2024-05-21T10:48:08.573+0000][gc,cpu      ] GC(3) User=0.01s Sys=0.00s Real=0.02s
[2024-05-21T10:48:09.657+0000][gc,heap,exit] Heap
[2024-05-21T10:48:09.657+0000][gc,heap,exit]  garbage-first heap   total 1048576K, used 159557K [0x00000000c0000000, 0x0000000100000000)
[2024-05-21T10:48:09.657+0000][gc,heap,exit]   region size 1024K, 19 young (19456K), 7 survivors (7168K)
[2024-05-21T10:48:09.657+0000][gc,heap,exit]  Metaspace       used 33338K, committed 33664K, reserved 1114112K
[2024-05-21T10:48:09.657+0000][gc,heap,exit]   class space    used 3755K, committed 3904K, reserved 1048576K
