[2024-04-30T10:37:34.589+0000][gc,heap] Heap region size: 1M
[2024-04-30T10:37:34.602+0000][gc     ] Using G1
[2024-04-30T10:37:34.602+0000][gc,heap,coops] Heap address: 0x00000000c0000000, size: 1024 MB, Compressed Oops mode: 32-bit
[2024-04-30T10:37:35.423+0000][gc,start     ] GC(0) Pause Young (Concurrent Start) (Metadata GC Threshold)
[2024-04-30T10:37:35.425+0000][gc,task      ] GC(0) Using 13 workers of 13 for evacuation
[2024-04-30T10:37:35.431+0000][gc,phases    ] GC(0)   Pre Evacuate Collection Set: 0.0ms
[2024-04-30T10:37:35.431+0000][gc,phases    ] GC(0)   Evacuate Collection Set: 5.3ms
[2024-04-30T10:37:35.431+0000][gc,phases    ] GC(0)   Post Evacuate Collection Set: 0.4ms
[2024-04-30T10:37:35.431+0000][gc,phases    ] GC(0)   Other: 1.7ms
[2024-04-30T10:37:35.431+0000][gc,heap      ] GC(0) Eden regions: 47->0(44)
[2024-04-30T10:37:35.431+0000][gc,heap      ] GC(0) Survivor regions: 0->7(7)
[2024-04-30T10:37:35.431+0000][gc,heap      ] GC(0) Old regions: 0->1
[2024-04-30T10:37:35.431+0000][gc,heap      ] GC(0) Humongous regions: 0->0
[2024-04-30T10:37:35.431+0000][gc,metaspace ] GC(0) Metaspace: 20693K(21248K)->20693K(21248K) NonClass: 18512K(18944K)->18512K(18944K) Class: 2180K(2304K)->2180K(2304K)
[2024-04-30T10:37:35.431+0000][gc           ] GC(0) Pause Young (Concurrent Start) (Metadata GC Threshold) 46M->7M(1024M) 7.581ms
[2024-04-30T10:37:35.431+0000][gc,cpu       ] GC(0) User=0.01s Sys=0.01s Real=0.01s
[2024-04-30T10:37:35.431+0000][gc           ] GC(1) Concurrent Cycle
[2024-04-30T10:37:35.431+0000][gc,marking   ] GC(1) Concurrent Clear Claimed Marks
[2024-04-30T10:37:35.431+0000][gc,marking   ] GC(1) Concurrent Clear Claimed Marks 0.013ms
[2024-04-30T10:37:35.431+0000][gc,marking   ] GC(1) Concurrent Scan Root Regions
[2024-04-30T10:37:35.432+0000][gc,marking   ] GC(1) Concurrent Scan Root Regions 1.303ms
[2024-04-30T10:37:35.432+0000][gc,marking   ] GC(1) Concurrent Mark (0.847s)
[2024-04-30T10:37:35.432+0000][gc,marking   ] GC(1) Concurrent Mark From Roots
[2024-04-30T10:37:35.432+0000][gc,task      ] GC(1) Using 3 workers of 3 for marking
[2024-04-30T10:37:35.433+0000][gc,marking   ] GC(1) Concurrent Mark From Roots 1.099ms
[2024-04-30T10:37:35.433+0000][gc,marking   ] GC(1) Concurrent Preclean
[2024-04-30T10:37:35.434+0000][gc,marking   ] GC(1) Concurrent Preclean 0.075ms
[2024-04-30T10:37:35.434+0000][gc,marking   ] GC(1) Concurrent Mark (0.847s, 0.848s) 1.206ms
[2024-04-30T10:37:35.434+0000][gc,start     ] GC(1) Pause Remark
[2024-04-30T10:37:35.435+0000][gc,stringtable] GC(1) Cleaned string and symbol table, strings: 8056 processed, 0 removed, symbols: 65708 processed, 26 removed
[2024-04-30T10:37:35.435+0000][gc            ] GC(1) Pause Remark 8M->8M(1024M) 1.422ms
[2024-04-30T10:37:35.435+0000][gc,cpu        ] GC(1) User=0.01s Sys=0.00s Real=0.00s
[2024-04-30T10:37:35.435+0000][gc,marking    ] GC(1) Concurrent Rebuild Remembered Sets
[2024-04-30T10:37:35.436+0000][gc,marking    ] GC(1) Concurrent Rebuild Remembered Sets 0.606ms
[2024-04-30T10:37:35.436+0000][gc,start      ] GC(1) Pause Cleanup
[2024-04-30T10:37:35.436+0000][gc            ] GC(1) Pause Cleanup 8M->8M(1024M) 0.182ms
[2024-04-30T10:37:35.436+0000][gc,cpu        ] GC(1) User=0.00s Sys=0.00s Real=0.00s
[2024-04-30T10:37:35.436+0000][gc,marking    ] GC(1) Concurrent Cleanup for Next Mark
[2024-04-30T10:37:35.439+0000][gc,marking    ] GC(1) Concurrent Cleanup for Next Mark 2.283ms
[2024-04-30T10:37:35.439+0000][gc            ] GC(1) Concurrent Cycle 7.632ms
[2024-04-30T10:37:36.029+0000][gc,start      ] GC(2) Pause Young (Normal) (G1 Evacuation Pause)
[2024-04-30T10:37:36.029+0000][gc,task       ] GC(2) Using 13 workers of 13 for evacuation
[2024-04-30T10:37:36.033+0000][gc,phases     ] GC(2)   Pre Evacuate Collection Set: 0.0ms
[2024-04-30T10:37:36.033+0000][gc,phases     ] GC(2)   Evacuate Collection Set: 3.8ms
[2024-04-30T10:37:36.033+0000][gc,phases     ] GC(2)   Post Evacuate Collection Set: 0.5ms
[2024-04-30T10:37:36.033+0000][gc,phases     ] GC(2)   Other: 0.1ms
[2024-04-30T10:37:36.033+0000][gc,heap       ] GC(2) Eden regions: 44->0(49)
[2024-04-30T10:37:36.033+0000][gc,heap       ] GC(2) Survivor regions: 7->2(7)
[2024-04-30T10:37:36.033+0000][gc,heap       ] GC(2) Old regions: 1->8
[2024-04-30T10:37:36.033+0000][gc,heap       ] GC(2) Humongous regions: 0->0
[2024-04-30T10:37:36.033+0000][gc,metaspace  ] GC(2) Metaspace: 30137K(31100K)->30137K(31100K) NonClass: 26748K(27392K)->26748K(27392K) Class: 3389K(3708K)->3389K(3708K)
[2024-04-30T10:37:36.033+0000][gc            ] GC(2) Pause Young (Normal) (G1 Evacuation Pause) 51M->9M(1024M) 4.463ms
[2024-04-30T10:37:36.033+0000][gc,cpu        ] GC(2) User=0.04s Sys=0.01s Real=0.01s
[2024-04-30T10:37:37.156+0000][gc,start      ] GC(3) Pause Young (Concurrent Start) (Metadata GC Threshold)
[2024-04-30T10:37:37.156+0000][gc,task       ] GC(3) Using 13 workers of 13 for evacuation
[2024-04-30T10:37:37.158+0000][gc,phases     ] GC(3)   Pre Evacuate Collection Set: 0.1ms
[2024-04-30T10:37:37.158+0000][gc,phases     ] GC(3)   Evacuate Collection Set: 1.7ms
[2024-04-30T10:37:37.158+0000][gc,phases     ] GC(3)   Post Evacuate Collection Set: 0.5ms
[2024-04-30T10:37:37.158+0000][gc,phases     ] GC(3)   Other: 0.2ms
[2024-04-30T10:37:37.158+0000][gc,heap       ] GC(3) Eden regions: 48->0(46)
[2024-04-30T10:37:37.158+0000][gc,heap       ] GC(3) Survivor regions: 2->5(7)
[2024-04-30T10:37:37.158+0000][gc,heap       ] GC(3) Old regions: 8->8
[2024-04-30T10:37:37.158+0000][gc,heap       ] GC(3) Humongous regions: 129->129
[2024-04-30T10:37:37.158+0000][gc,metaspace  ] GC(3) Metaspace: 35080K(36048K)->35080K(36048K) NonClass: 31193K(31700K)->31193K(31700K) Class: 3887K(4348K)->3887K(4348K)
[2024-04-30T10:37:37.158+0000][gc            ] GC(3) Pause Young (Concurrent Start) (Metadata GC Threshold) 186M->140M(1024M) 2.465ms
[2024-04-30T10:37:37.158+0000][gc,cpu        ] GC(3) User=0.01s Sys=0.01s Real=0.00s
[2024-04-30T10:37:37.158+0000][gc            ] GC(4) Concurrent Cycle
[2024-04-30T10:37:37.158+0000][gc,marking    ] GC(4) Concurrent Clear Claimed Marks
[2024-04-30T10:37:37.159+0000][gc,marking    ] GC(4) Concurrent Clear Claimed Marks 0.029ms
[2024-04-30T10:37:37.159+0000][gc,marking    ] GC(4) Concurrent Scan Root Regions
[2024-04-30T10:37:37.160+0000][gc,marking    ] GC(4) Concurrent Scan Root Regions 1.152ms
[2024-04-30T10:37:37.160+0000][gc,marking    ] GC(4) Concurrent Mark (2.574s)
[2024-04-30T10:37:37.160+0000][gc,marking    ] GC(4) Concurrent Mark From Roots
[2024-04-30T10:37:37.160+0000][gc,task       ] GC(4) Using 3 workers of 3 for marking
[2024-04-30T10:37:37.163+0000][gc,marking    ] GC(4) Concurrent Mark From Roots 3.688ms
[2024-04-30T10:37:37.163+0000][gc,marking    ] GC(4) Concurrent Preclean
[2024-04-30T10:37:37.164+0000][gc,marking    ] GC(4) Concurrent Preclean 0.131ms
[2024-04-30T10:37:37.164+0000][gc,marking    ] GC(4) Concurrent Mark (2.574s, 2.578s) 3.867ms
[2024-04-30T10:37:37.164+0000][gc,start      ] GC(4) Pause Remark
[2024-04-30T10:37:37.166+0000][gc,stringtable] GC(4) Cleaned string and symbol table, strings: 11802 processed, 10 removed, symbols: 100477 processed, 26 removed
[2024-04-30T10:37:37.166+0000][gc            ] GC(4) Pause Remark 142M->142M(1024M) 2.106ms
[2024-04-30T10:37:37.166+0000][gc,cpu        ] GC(4) User=0.02s Sys=0.01s Real=0.00s
[2024-04-30T10:37:37.166+0000][gc,marking    ] GC(4) Concurrent Rebuild Remembered Sets
[2024-04-30T10:37:37.168+0000][gc,marking    ] GC(4) Concurrent Rebuild Remembered Sets 2.450ms
[2024-04-30T10:37:37.169+0000][gc,start      ] GC(4) Pause Cleanup
[2024-04-30T10:37:37.169+0000][gc            ] GC(4) Pause Cleanup 142M->142M(1024M) 0.232ms
[2024-04-30T10:37:37.169+0000][gc,cpu        ] GC(4) User=0.00s Sys=0.00s Real=0.00s
[2024-04-30T10:37:37.169+0000][gc,marking    ] GC(4) Concurrent Cleanup for Next Mark
[2024-04-30T10:37:37.172+0000][gc,marking    ] GC(4) Concurrent Cleanup for Next Mark 2.826ms
[2024-04-30T10:37:37.172+0000][gc            ] GC(4) Concurrent Cycle 13.416ms
[2024-04-30T10:37:37.644+0000][gc,start      ] GC(5) Pause Young (Normal) (G1 Evacuation Pause)
[2024-04-30T10:37:37.644+0000][gc,task       ] GC(5) Using 13 workers of 13 for evacuation
[2024-04-30T10:37:37.647+0000][gc,phases     ] GC(5)   Pre Evacuate Collection Set: 0.0ms
[2024-04-30T10:37:37.647+0000][gc,phases     ] GC(5)   Evacuate Collection Set: 2.4ms
[2024-04-30T10:37:37.647+0000][gc,phases     ] GC(5)   Post Evacuate Collection Set: 0.5ms
[2024-04-30T10:37:37.647+0000][gc,phases     ] GC(5)   Other: 0.1ms
[2024-04-30T10:37:37.647+0000][gc,heap       ] GC(5) Eden regions: 46->0(44)
[2024-04-30T10:37:37.647+0000][gc,heap       ] GC(5) Survivor regions: 5->7(7)
[2024-04-30T10:37:37.647+0000][gc,heap       ] GC(5) Old regions: 8->9
[2024-04-30T10:37:37.647+0000][gc,heap       ] GC(5) Humongous regions: 129->129
[2024-04-30T10:37:37.647+0000][gc,metaspace  ] GC(5) Metaspace: 42239K(43600K)->42239K(43600K) NonClass: 37663K(38356K)->37663K(38356K) Class: 4575K(5244K)->4575K(5244K)
[2024-04-30T10:37:37.647+0000][gc            ] GC(5) Pause Young (Normal) (G1 Evacuation Pause) 186M->144M(1024M) 3.072ms
[2024-04-30T10:37:37.647+0000][gc,cpu        ] GC(5) User=0.03s Sys=0.01s Real=0.00s
[2024-04-30T10:37:38.839+0000][gc,start      ] GC(6) Pause Young (Normal) (G1 Evacuation Pause)
[2024-04-30T10:37:38.839+0000][gc,task       ] GC(6) Using 13 workers of 13 for evacuation
[2024-04-30T10:37:38.842+0000][gc,phases     ] GC(6)   Pre Evacuate Collection Set: 0.0ms
[2024-04-30T10:37:38.842+0000][gc,phases     ] GC(6)   Evacuate Collection Set: 2.7ms
[2024-04-30T10:37:38.842+0000][gc,phases     ] GC(6)   Post Evacuate Collection Set: 0.5ms
[2024-04-30T10:37:38.842+0000][gc,phases     ] GC(6)   Other: 0.2ms
[2024-04-30T10:37:38.842+0000][gc,heap       ] GC(6) Eden regions: 44->0(48)
[2024-04-30T10:37:38.842+0000][gc,heap       ] GC(6) Survivor regions: 7->3(7)
[2024-04-30T10:37:38.842+0000][gc,heap       ] GC(6) Old regions: 9->16
[2024-04-30T10:37:38.842+0000][gc,heap       ] GC(6) Humongous regions: 129->129
[2024-04-30T10:37:38.842+0000][gc,metaspace  ] GC(6) Metaspace: 48779K(50640K)->48779K(50640K) NonClass: 43285K(44244K)->43285K(44244K) Class: 5493K(6396K)->5493K(6396K)
[2024-04-30T10:37:38.842+0000][gc            ] GC(6) Pause Young (Normal) (G1 Evacuation Pause) 188M->147M(1024M) 3.548ms
[2024-04-30T10:37:38.842+0000][gc,cpu        ] GC(6) User=0.04s Sys=0.00s Real=0.01s
[2024-04-30T10:43:05.242+0000][gc,start      ] GC(7) Pause Young (Normal) (G1 Evacuation Pause)
[2024-04-30T10:43:05.242+0000][gc,task       ] GC(7) Using 13 workers of 13 for evacuation
[2024-04-30T10:43:05.246+0000][gc,phases     ] GC(7)   Pre Evacuate Collection Set: 0.0ms
[2024-04-30T10:43:05.246+0000][gc,phases     ] GC(7)   Evacuate Collection Set: 2.1ms
[2024-04-30T10:43:05.246+0000][gc,phases     ] GC(7)   Post Evacuate Collection Set: 1.0ms
[2024-04-30T10:43:05.246+0000][gc,phases     ] GC(7)   Other: 0.3ms
[2024-04-30T10:43:05.246+0000][gc,heap       ] GC(7) Eden regions: 48->0(46)
[2024-04-30T10:43:05.246+0000][gc,heap       ] GC(7) Survivor regions: 3->5(7)
[2024-04-30T10:43:05.246+0000][gc,heap       ] GC(7) Old regions: 16->16
[2024-04-30T10:43:05.246+0000][gc,heap       ] GC(7) Humongous regions: 141->129
[2024-04-30T10:43:05.246+0000][gc,metaspace  ] GC(7) Metaspace: 52832K(55504K)->52832K(55504K) NonClass: 46500K(47828K)->46500K(47828K) Class: 6332K(7676K)->6332K(7676K)
[2024-04-30T10:43:05.246+0000][gc            ] GC(7) Pause Young (Normal) (G1 Evacuation Pause) 207M->149M(1024M) 3.503ms
[2024-04-30T10:43:05.246+0000][gc,cpu        ] GC(7) User=0.02s Sys=0.00s Real=0.01s
[2024-04-30T10:59:24.232+0000][gc,start      ] GC(8) Pause Young (Normal) (G1 Evacuation Pause)
[2024-04-30T10:59:24.232+0000][gc,task       ] GC(8) Using 13 workers of 13 for evacuation
[2024-04-30T10:59:24.235+0000][gc,phases     ] GC(8)   Pre Evacuate Collection Set: 0.0ms
[2024-04-30T10:59:24.235+0000][gc,phases     ] GC(8)   Evacuate Collection Set: 1.9ms
[2024-04-30T10:59:24.235+0000][gc,phases     ] GC(8)   Post Evacuate Collection Set: 0.7ms
[2024-04-30T10:59:24.235+0000][gc,phases     ] GC(8)   Other: 0.5ms
[2024-04-30T10:59:24.235+0000][gc,heap       ] GC(8) Eden regions: 46->0(48)
[2024-04-30T10:59:24.235+0000][gc,heap       ] GC(8) Survivor regions: 5->3(7)
[2024-04-30T10:59:24.235+0000][gc,heap       ] GC(8) Old regions: 16->18
[2024-04-30T10:59:24.235+0000][gc,heap       ] GC(8) Humongous regions: 129->129
[2024-04-30T10:59:24.235+0000][gc,metaspace  ] GC(8) Metaspace: 53123K(55760K)->53123K(55760K) NonClass: 46764K(48084K)->46764K(48084K) Class: 6359K(7676K)->6359K(7676K)
[2024-04-30T10:59:24.235+0000][gc            ] GC(8) Pause Young (Normal) (G1 Evacuation Pause) 195M->149M(1024M) 3.133ms
[2024-04-30T10:59:24.235+0000][gc,cpu        ] GC(8) User=0.01s Sys=0.00s Real=0.00s
[2024-04-30T11:13:42.577+0000][gc,start      ] GC(9) Pause Young (Normal) (G1 Evacuation Pause)
[2024-04-30T11:13:42.577+0000][gc,task       ] GC(9) Using 13 workers of 13 for evacuation
[2024-04-30T11:13:42.580+0000][gc,phases     ] GC(9)   Pre Evacuate Collection Set: 0.0ms
[2024-04-30T11:13:42.580+0000][gc,phases     ] GC(9)   Evacuate Collection Set: 1.9ms
[2024-04-30T11:13:42.580+0000][gc,phases     ] GC(9)   Post Evacuate Collection Set: 0.7ms
[2024-04-30T11:13:42.580+0000][gc,phases     ] GC(9)   Other: 0.2ms
[2024-04-30T11:13:42.580+0000][gc,heap       ] GC(9) Eden regions: 48->0(48)
[2024-04-30T11:13:42.580+0000][gc,heap       ] GC(9) Survivor regions: 3->4(7)
[2024-04-30T11:13:42.580+0000][gc,heap       ] GC(9) Old regions: 18->18
[2024-04-30T11:13:42.580+0000][gc,heap       ] GC(9) Humongous regions: 129->129
[2024-04-30T11:13:42.580+0000][gc,metaspace  ] GC(9) Metaspace: 54008K(56912K)->54008K(56912K) NonClass: 47577K(49108K)->47577K(49108K) Class: 6430K(7804K)->6430K(7804K)
[2024-04-30T11:13:42.580+0000][gc            ] GC(9) Pause Young (Normal) (G1 Evacuation Pause) 197M->150M(1024M) 2.882ms
[2024-04-30T11:13:42.580+0000][gc,cpu        ] GC(9) User=0.03s Sys=0.00s Real=0.00s
[2024-04-30T11:26:06.922+0000][gc,start      ] GC(10) Pause Young (Normal) (G1 Evacuation Pause)
[2024-04-30T11:26:06.922+0000][gc,task       ] GC(10) Using 13 workers of 13 for evacuation
[2024-04-30T11:26:06.926+0000][gc,phases     ] GC(10)   Pre Evacuate Collection Set: 0.0ms
[2024-04-30T11:26:06.926+0000][gc,phases     ] GC(10)   Evacuate Collection Set: 2.6ms
[2024-04-30T11:26:06.926+0000][gc,phases     ] GC(10)   Post Evacuate Collection Set: 1.3ms
[2024-04-30T11:26:06.926+0000][gc,phases     ] GC(10)   Other: 0.3ms
[2024-04-30T11:26:06.926+0000][gc,heap       ] GC(10) Eden regions: 48->0(53)
[2024-04-30T11:26:06.926+0000][gc,heap       ] GC(10) Survivor regions: 4->6(7)
[2024-04-30T11:26:06.926+0000][gc,heap       ] GC(10) Old regions: 18->18
[2024-04-30T11:26:06.926+0000][gc,heap       ] GC(10) Humongous regions: 129->129
[2024-04-30T11:26:06.926+0000][gc,metaspace  ] GC(10) Metaspace: 54153K(57168K)->54153K(57168K) NonClass: 47717K(49364K)->47717K(49364K) Class: 6436K(7804K)->6436K(7804K)
[2024-04-30T11:26:06.926+0000][gc            ] GC(10) Pause Young (Normal) (G1 Evacuation Pause) 198M->152M(1024M) 4.356ms
[2024-04-30T11:26:06.926+0000][gc,cpu        ] GC(10) User=0.03s Sys=0.00s Real=0.01s
[2024-04-30T11:39:10.883+0000][gc,start      ] GC(11) Pause Young (Normal) (G1 Evacuation Pause)
[2024-04-30T11:39:10.883+0000][gc,task       ] GC(11) Using 13 workers of 13 for evacuation
[2024-04-30T11:39:10.886+0000][gc,phases     ] GC(11)   Pre Evacuate Collection Set: 0.0ms
[2024-04-30T11:39:10.886+0000][gc,phases     ] GC(11)   Evacuate Collection Set: 2.4ms
[2024-04-30T11:39:10.886+0000][gc,phases     ] GC(11)   Post Evacuate Collection Set: 0.6ms
[2024-04-30T11:39:10.886+0000][gc,phases     ] GC(11)   Other: 0.2ms
[2024-04-30T11:39:10.886+0000][gc,heap       ] GC(11) Eden regions: 53->0(74)
[2024-04-30T11:39:10.886+0000][gc,heap       ] GC(11) Survivor regions: 6->4(8)
[2024-04-30T11:39:10.886+0000][gc,heap       ] GC(11) Old regions: 18->20
[2024-04-30T11:39:10.886+0000][gc,heap       ] GC(11) Humongous regions: 129->129
[2024-04-30T11:39:10.886+0000][gc,metaspace  ] GC(11) Metaspace: 54234K(57168K)->54234K(57168K) NonClass: 47786K(49364K)->47786K(49364K) Class: 6448K(7804K)->6448K(7804K)
[2024-04-30T11:39:10.886+0000][gc            ] GC(11) Pause Young (Normal) (G1 Evacuation Pause) 205M->151M(1024M) 3.275ms
[2024-04-30T11:39:10.886+0000][gc,cpu        ] GC(11) User=0.02s Sys=0.00s Real=0.00s
[2024-04-30T11:41:17.142+0000][gc,heap,exit  ] Heap
[2024-04-30T11:41:17.142+0000][gc,heap,exit  ]  garbage-first heap   total 1048576K, used 178046K [0x00000000c0000000, 0x0000000100000000)
[2024-04-30T11:41:17.142+0000][gc,heap,exit  ]   region size 1024K, 28 young (28672K), 4 survivors (4096K)
[2024-04-30T11:41:17.142+0000][gc,heap,exit  ]  Metaspace       used 55295K, capacity 58226K, committed 58320K, reserved 1099776K
[2024-04-30T11:41:17.142+0000][gc,heap,exit  ]   class space    used 6708K, capacity 8107K, committed 8188K, reserved 1048576K
