[2024-05-03T08:51:29.082+0000][gc,heap] Heap region size: 1M
[2024-05-03T08:51:29.097+0000][gc     ] Using G1
[2024-05-03T08:51:29.097+0000][gc,heap,coops] Heap address: 0x00000000c0000000, size: 1024 MB, Compressed Oops mode: 32-bit
[2024-05-03T08:51:29.791+0000][gc,start     ] GC(0) Pause Young (Concurrent Start) (Metadata GC Threshold)
[2024-05-03T08:51:29.792+0000][gc,task      ] GC(0) Using 13 workers of 13 for evacuation
[2024-05-03T08:51:29.799+0000][gc,phases    ] GC(0)   Pre Evacuate Collection Set: 0.0ms
[2024-05-03T08:51:29.799+0000][gc,phases    ] GC(0)   Evacuate Collection Set: 5.6ms
[2024-05-03T08:51:29.799+0000][gc,phases    ] GC(0)   Post Evacuate Collection Set: 0.6ms
[2024-05-03T08:51:29.799+0000][gc,phases    ] GC(0)   Other: 1.9ms
[2024-05-03T08:51:29.799+0000][gc,heap      ] GC(0) Eden regions: 48->0(44)
[2024-05-03T08:51:29.799+0000][gc,heap      ] GC(0) Survivor regions: 0->7(7)
[2024-05-03T08:51:29.799+0000][gc,heap      ] GC(0) Old regions: 0->1
[2024-05-03T08:51:29.799+0000][gc,heap      ] GC(0) Humongous regions: 0->0
[2024-05-03T08:51:29.799+0000][gc,metaspace ] GC(0) Metaspace: 20693K(21248K)->20693K(21248K) NonClass: 18512K(18944K)->18512K(18944K) Class: 2180K(2304K)->2180K(2304K)
[2024-05-03T08:51:29.799+0000][gc           ] GC(0) Pause Young (Concurrent Start) (Metadata GC Threshold) 47M->7M(1024M) 8.218ms
[2024-05-03T08:51:29.799+0000][gc,cpu       ] GC(0) User=0.02s Sys=0.00s Real=0.01s
[2024-05-03T08:51:29.799+0000][gc           ] GC(1) Concurrent Cycle
[2024-05-03T08:51:29.799+0000][gc,marking   ] GC(1) Concurrent Clear Claimed Marks
[2024-05-03T08:51:29.799+0000][gc,marking   ] GC(1) Concurrent Clear Claimed Marks 0.012ms
[2024-05-03T08:51:29.799+0000][gc,marking   ] GC(1) Concurrent Scan Root Regions
[2024-05-03T08:51:29.801+0000][gc,marking   ] GC(1) Concurrent Scan Root Regions 1.874ms
[2024-05-03T08:51:29.801+0000][gc,marking   ] GC(1) Concurrent Mark (0.756s)
[2024-05-03T08:51:29.801+0000][gc,marking   ] GC(1) Concurrent Mark From Roots
[2024-05-03T08:51:29.801+0000][gc,task      ] GC(1) Using 3 workers of 3 for marking
[2024-05-03T08:51:29.802+0000][gc,marking   ] GC(1) Concurrent Mark From Roots 0.751ms
[2024-05-03T08:51:29.802+0000][gc,marking   ] GC(1) Concurrent Preclean
[2024-05-03T08:51:29.802+0000][gc,marking   ] GC(1) Concurrent Preclean 0.078ms
[2024-05-03T08:51:29.802+0000][gc,marking   ] GC(1) Concurrent Mark (0.756s, 0.757s) 0.862ms
[2024-05-03T08:51:29.802+0000][gc,start     ] GC(1) Pause Remark
[2024-05-03T08:51:29.804+0000][gc,stringtable] GC(1) Cleaned string and symbol table, strings: 8054 processed, 0 removed, symbols: 65708 processed, 26 removed
[2024-05-03T08:51:29.805+0000][gc            ] GC(1) Pause Remark 8M->8M(1024M) 2.273ms
[2024-05-03T08:51:29.805+0000][gc,cpu        ] GC(1) User=0.01s Sys=0.01s Real=0.01s
[2024-05-03T08:51:29.805+0000][gc,marking    ] GC(1) Concurrent Rebuild Remembered Sets
[2024-05-03T08:51:29.805+0000][gc,marking    ] GC(1) Concurrent Rebuild Remembered Sets 0.584ms
[2024-05-03T08:51:29.805+0000][gc,start      ] GC(1) Pause Cleanup
[2024-05-03T08:51:29.806+0000][gc            ] GC(1) Pause Cleanup 8M->8M(1024M) 0.249ms
[2024-05-03T08:51:29.806+0000][gc,cpu        ] GC(1) User=0.00s Sys=0.00s Real=0.00s
[2024-05-03T08:51:29.806+0000][gc,marking    ] GC(1) Concurrent Cleanup for Next Mark
[2024-05-03T08:51:29.808+0000][gc,marking    ] GC(1) Concurrent Cleanup for Next Mark 2.585ms
[2024-05-03T08:51:29.808+0000][gc            ] GC(1) Concurrent Cycle 9.502ms
[2024-05-03T08:51:30.324+0000][gc,start      ] GC(2) Pause Young (Normal) (G1 Evacuation Pause)
[2024-05-03T08:51:30.324+0000][gc,task       ] GC(2) Using 13 workers of 13 for evacuation
[2024-05-03T08:51:30.329+0000][gc,phases     ] GC(2)   Pre Evacuate Collection Set: 0.0ms
[2024-05-03T08:51:30.329+0000][gc,phases     ] GC(2)   Evacuate Collection Set: 3.9ms
[2024-05-03T08:51:30.329+0000][gc,phases     ] GC(2)   Post Evacuate Collection Set: 0.5ms
[2024-05-03T08:51:30.329+0000][gc,phases     ] GC(2)   Other: 0.1ms
[2024-05-03T08:51:30.329+0000][gc,heap       ] GC(2) Eden regions: 44->0(49)
[2024-05-03T08:51:30.329+0000][gc,heap       ] GC(2) Survivor regions: 7->2(7)
[2024-05-03T08:51:30.329+0000][gc,heap       ] GC(2) Old regions: 1->8
[2024-05-03T08:51:30.329+0000][gc,heap       ] GC(2) Humongous regions: 0->0
[2024-05-03T08:51:30.329+0000][gc,metaspace  ] GC(2) Metaspace: 30176K(31100K)->30176K(31100K) NonClass: 26783K(27392K)->26783K(27392K) Class: 3393K(3708K)->3393K(3708K)
[2024-05-03T08:51:30.329+0000][gc            ] GC(2) Pause Young (Normal) (G1 Evacuation Pause) 51M->8M(1024M) 4.649ms
[2024-05-03T08:51:30.329+0000][gc,cpu        ] GC(2) User=0.05s Sys=0.00s Real=0.00s
[2024-05-03T08:51:31.038+0000][gc,start      ] GC(3) Pause Young (Concurrent Start) (Metadata GC Threshold)
[2024-05-03T08:51:31.038+0000][gc,task       ] GC(3) Using 13 workers of 13 for evacuation
[2024-05-03T08:51:31.041+0000][gc,phases     ] GC(3)   Pre Evacuate Collection Set: 0.1ms
[2024-05-03T08:51:31.041+0000][gc,phases     ] GC(3)   Evacuate Collection Set: 2.3ms
[2024-05-03T08:51:31.041+0000][gc,phases     ] GC(3)   Post Evacuate Collection Set: 0.5ms
[2024-05-03T08:51:31.041+0000][gc,phases     ] GC(3)   Other: 0.3ms
[2024-05-03T08:51:31.041+0000][gc,heap       ] GC(3) Eden regions: 41->0(47)
[2024-05-03T08:51:31.041+0000][gc,heap       ] GC(3) Survivor regions: 2->4(7)
[2024-05-03T08:51:31.041+0000][gc,heap       ] GC(3) Old regions: 8->8
[2024-05-03T08:51:31.041+0000][gc,heap       ] GC(3) Humongous regions: 129->129
[2024-05-03T08:51:31.041+0000][gc,metaspace  ] GC(3) Metaspace: 35106K(36048K)->35106K(36048K) NonClass: 31212K(31700K)->31212K(31700K) Class: 3893K(4348K)->3893K(4348K)
[2024-05-03T08:51:31.041+0000][gc            ] GC(3) Pause Young (Concurrent Start) (Metadata GC Threshold) 178M->140M(1024M) 3.256ms
[2024-05-03T08:51:31.041+0000][gc,cpu        ] GC(3) User=0.03s Sys=0.00s Real=0.00s
[2024-05-03T08:51:31.041+0000][gc            ] GC(4) Concurrent Cycle
[2024-05-03T08:51:31.041+0000][gc,marking    ] GC(4) Concurrent Clear Claimed Marks
[2024-05-03T08:51:31.041+0000][gc,marking    ] GC(4) Concurrent Clear Claimed Marks 0.028ms
[2024-05-03T08:51:31.041+0000][gc,marking    ] GC(4) Concurrent Scan Root Regions
[2024-05-03T08:51:31.043+0000][gc,marking    ] GC(4) Concurrent Scan Root Regions 1.361ms
[2024-05-03T08:51:31.043+0000][gc,marking    ] GC(4) Concurrent Mark (1.998s)
[2024-05-03T08:51:31.043+0000][gc,marking    ] GC(4) Concurrent Mark From Roots
[2024-05-03T08:51:31.043+0000][gc,task       ] GC(4) Using 3 workers of 3 for marking
[2024-05-03T08:51:31.046+0000][gc,marking    ] GC(4) Concurrent Mark From Roots 3.315ms
[2024-05-03T08:51:31.046+0000][gc,marking    ] GC(4) Concurrent Preclean
[2024-05-03T08:51:31.046+0000][gc,marking    ] GC(4) Concurrent Preclean 0.110ms
[2024-05-03T08:51:31.046+0000][gc,marking    ] GC(4) Concurrent Mark (1.998s, 2.001s) 3.471ms
[2024-05-03T08:51:31.047+0000][gc,start      ] GC(4) Pause Remark
[2024-05-03T08:51:31.049+0000][gc,stringtable] GC(4) Cleaned string and symbol table, strings: 11634 processed, 10 removed, symbols: 100573 processed, 26 removed
[2024-05-03T08:51:31.049+0000][gc            ] GC(4) Pause Remark 141M->141M(1024M) 2.350ms
[2024-05-03T08:51:31.049+0000][gc,cpu        ] GC(4) User=0.03s Sys=0.00s Real=0.00s
[2024-05-03T08:51:31.049+0000][gc,marking    ] GC(4) Concurrent Rebuild Remembered Sets
[2024-05-03T08:51:31.051+0000][gc,marking    ] GC(4) Concurrent Rebuild Remembered Sets 1.908ms
[2024-05-03T08:51:31.051+0000][gc,start      ] GC(4) Pause Cleanup
[2024-05-03T08:51:31.051+0000][gc            ] GC(4) Pause Cleanup 141M->141M(1024M) 0.226ms
[2024-05-03T08:51:31.051+0000][gc,cpu        ] GC(4) User=0.00s Sys=0.00s Real=0.00s
[2024-05-03T08:51:31.051+0000][gc,marking    ] GC(4) Concurrent Cleanup for Next Mark
[2024-05-03T08:51:31.054+0000][gc,marking    ] GC(4) Concurrent Cleanup for Next Mark 2.470ms
[2024-05-03T08:51:31.054+0000][gc            ] GC(4) Concurrent Cycle 12.501ms
[2024-05-03T08:51:31.407+0000][gc,start      ] GC(5) Pause Young (Normal) (G1 Evacuation Pause)
[2024-05-03T08:51:31.407+0000][gc,task       ] GC(5) Using 13 workers of 13 for evacuation
[2024-05-03T08:51:31.410+0000][gc,phases     ] GC(5)   Pre Evacuate Collection Set: 0.0ms
[2024-05-03T08:51:31.410+0000][gc,phases     ] GC(5)   Evacuate Collection Set: 2.4ms
[2024-05-03T08:51:31.410+0000][gc,phases     ] GC(5)   Post Evacuate Collection Set: 0.5ms
[2024-05-03T08:51:31.410+0000][gc,phases     ] GC(5)   Other: 0.2ms
[2024-05-03T08:51:31.410+0000][gc,heap       ] GC(5) Eden regions: 47->0(44)
[2024-05-03T08:51:31.410+0000][gc,heap       ] GC(5) Survivor regions: 4->7(7)
[2024-05-03T08:51:31.410+0000][gc,heap       ] GC(5) Old regions: 8->9
[2024-05-03T08:51:31.410+0000][gc,heap       ] GC(5) Humongous regions: 129->129
[2024-05-03T08:51:31.410+0000][gc,metaspace  ] GC(5) Metaspace: 42280K(43600K)->42280K(43600K) NonClass: 37686K(38356K)->37686K(38356K) Class: 4594K(5244K)->4594K(5244K)
[2024-05-03T08:51:31.410+0000][gc            ] GC(5) Pause Young (Normal) (G1 Evacuation Pause) 187M->144M(1024M) 3.240ms
[2024-05-03T08:51:31.410+0000][gc,cpu        ] GC(5) User=0.03s Sys=0.00s Real=0.00s
[2024-05-03T08:51:31.941+0000][gc,start      ] GC(6) Pause Young (Normal) (G1 Evacuation Pause)
[2024-05-03T08:51:31.941+0000][gc,task       ] GC(6) Using 13 workers of 13 for evacuation
[2024-05-03T08:51:31.945+0000][gc,phases     ] GC(6)   Pre Evacuate Collection Set: 0.0ms
[2024-05-03T08:51:31.945+0000][gc,phases     ] GC(6)   Evacuate Collection Set: 3.5ms
[2024-05-03T08:51:31.946+0000][gc,phases     ] GC(6)   Post Evacuate Collection Set: 0.5ms
[2024-05-03T08:51:31.946+0000][gc,phases     ] GC(6)   Other: 0.2ms
[2024-05-03T08:51:31.946+0000][gc,heap       ] GC(6) Eden regions: 44->0(47)
[2024-05-03T08:51:31.946+0000][gc,heap       ] GC(6) Survivor regions: 7->4(7)
[2024-05-03T08:51:31.946+0000][gc,heap       ] GC(6) Old regions: 9->16
[2024-05-03T08:51:31.946+0000][gc,heap       ] GC(6) Humongous regions: 129->129
[2024-05-03T08:51:31.946+0000][gc,metaspace  ] GC(6) Metaspace: 48708K(50640K)->48708K(50640K) NonClass: 43197K(44244K)->43197K(44244K) Class: 5510K(6396K)->5510K(6396K)
[2024-05-03T08:51:31.946+0000][gc            ] GC(6) Pause Young (Normal) (G1 Evacuation Pause) 188M->147M(1024M) 4.263ms
[2024-05-03T08:51:31.946+0000][gc,cpu        ] GC(6) User=0.03s Sys=0.02s Real=0.01s
[2024-05-03T08:55:49.226+0000][gc,start      ] GC(7) Pause Young (Normal) (G1 Evacuation Pause)
[2024-05-03T08:55:49.227+0000][gc,task       ] GC(7) Using 13 workers of 13 for evacuation
[2024-05-03T08:55:49.257+0000][gc,mmu        ] GC(7) MMU target violated: 21.0ms (20.0ms/21.0ms)
[2024-05-03T08:55:49.257+0000][gc,phases     ] GC(7)   Pre Evacuate Collection Set: 0.1ms
[2024-05-03T08:55:49.257+0000][gc,phases     ] GC(7)   Evacuate Collection Set: 26.4ms
[2024-05-03T08:55:49.257+0000][gc,phases     ] GC(7)   Post Evacuate Collection Set: 2.8ms
[2024-05-03T08:55:49.257+0000][gc,phases     ] GC(7)   Other: 1.8ms
[2024-05-03T08:55:49.257+0000][gc,heap       ] GC(7) Eden regions: 47->0(46)
[2024-05-03T08:55:49.257+0000][gc,heap       ] GC(7) Survivor regions: 4->5(7)
[2024-05-03T08:55:49.257+0000][gc,heap       ] GC(7) Old regions: 16->16
[2024-05-03T08:55:49.257+0000][gc,heap       ] GC(7) Humongous regions: 135->129
[2024-05-03T08:55:49.257+0000][gc,metaspace  ] GC(7) Metaspace: 52910K(55504K)->52910K(55504K) NonClass: 46530K(47828K)->46530K(47828K) Class: 6380K(7676K)->6380K(7676K)
[2024-05-03T08:55:49.257+0000][gc            ] GC(7) Pause Young (Normal) (G1 Evacuation Pause) 200M->148M(1024M) 31.149ms
[2024-05-03T08:55:49.257+0000][gc,cpu        ] GC(7) User=0.08s Sys=0.00s Real=0.03s
[2024-05-03T09:04:48.620+0000][gc,start      ] GC(8) Pause Young (Normal) (G1 Evacuation Pause)
[2024-05-03T09:04:48.621+0000][gc,task       ] GC(8) Using 13 workers of 13 for evacuation
[2024-05-03T09:04:48.624+0000][gc,phases     ] GC(8)   Pre Evacuate Collection Set: 0.0ms
[2024-05-03T09:04:48.624+0000][gc,phases     ] GC(8)   Evacuate Collection Set: 2.2ms
[2024-05-03T09:04:48.624+0000][gc,phases     ] GC(8)   Post Evacuate Collection Set: 0.8ms
[2024-05-03T09:04:48.624+0000][gc,phases     ] GC(8)   Other: 0.7ms
[2024-05-03T09:04:48.624+0000][gc,heap       ] GC(8) Eden regions: 46->0(47)
[2024-05-03T09:04:48.624+0000][gc,heap       ] GC(8) Survivor regions: 5->4(7)
[2024-05-03T09:04:48.624+0000][gc,heap       ] GC(8) Old regions: 16->18
[2024-05-03T09:04:48.624+0000][gc,heap       ] GC(8) Humongous regions: 129->129
[2024-05-03T09:04:48.624+0000][gc,metaspace  ] GC(8) Metaspace: 53671K(56272K)->53671K(56272K) NonClass: 47264K(48596K)->47264K(48596K) Class: 6407K(7676K)->6407K(7676K)
[2024-05-03T09:04:48.624+0000][gc            ] GC(8) Pause Young (Normal) (G1 Evacuation Pause) 194M->150M(1024M) 3.849ms
[2024-05-03T09:04:48.624+0000][gc,cpu        ] GC(8) User=0.02s Sys=0.01s Real=0.01s
[2024-05-03T09:16:16.051+0000][gc,start      ] GC(9) Pause Young (Normal) (G1 Evacuation Pause)
[2024-05-03T09:16:16.051+0000][gc,task       ] GC(9) Using 13 workers of 13 for evacuation
[2024-05-03T09:16:16.057+0000][gc,phases     ] GC(9)   Pre Evacuate Collection Set: 0.0ms
[2024-05-03T09:16:16.057+0000][gc,phases     ] GC(9)   Evacuate Collection Set: 4.4ms
[2024-05-03T09:16:16.057+0000][gc,phases     ] GC(9)   Post Evacuate Collection Set: 0.9ms
[2024-05-03T09:16:16.057+0000][gc,phases     ] GC(9)   Other: 0.8ms
[2024-05-03T09:16:16.057+0000][gc,heap       ] GC(9) Eden regions: 47->0(46)
[2024-05-03T09:16:16.057+0000][gc,heap       ] GC(9) Survivor regions: 4->5(7)
[2024-05-03T09:16:16.057+0000][gc,heap       ] GC(9) Old regions: 18->18
[2024-05-03T09:16:16.057+0000][gc,heap       ] GC(9) Humongous regions: 129->129
[2024-05-03T09:16:16.057+0000][gc,metaspace  ] GC(9) Metaspace: 54042K(56912K)->54042K(56912K) NonClass: 47600K(49108K)->47600K(49108K) Class: 6441K(7804K)->6441K(7804K)
[2024-05-03T09:16:16.057+0000][gc            ] GC(9) Pause Young (Normal) (G1 Evacuation Pause) 197M->151M(1024M) 6.145ms
[2024-05-03T09:16:16.057+0000][gc,cpu        ] GC(9) User=0.03s Sys=0.00s Real=0.01s
[2024-05-03T09:34:24.262+0000][gc,start      ] GC(10) Pause Young (Normal) (G1 Evacuation Pause)
[2024-05-03T09:34:24.262+0000][gc,task       ] GC(10) Using 13 workers of 13 for evacuation
[2024-05-03T09:34:24.267+0000][gc,phases     ] GC(10)   Pre Evacuate Collection Set: 0.0ms
[2024-05-03T09:34:24.267+0000][gc,phases     ] GC(10)   Evacuate Collection Set: 3.3ms
[2024-05-03T09:34:24.267+0000][gc,phases     ] GC(10)   Post Evacuate Collection Set: 1.2ms
[2024-05-03T09:34:24.267+0000][gc,phases     ] GC(10)   Other: 0.3ms
[2024-05-03T09:34:24.267+0000][gc,heap       ] GC(10) Eden regions: 46->0(51)
[2024-05-03T09:34:24.267+0000][gc,heap       ] GC(10) Survivor regions: 5->3(7)
[2024-05-03T09:34:24.267+0000][gc,heap       ] GC(10) Old regions: 18->20
[2024-05-03T09:34:24.267+0000][gc,heap       ] GC(10) Humongous regions: 129->129
[2024-05-03T09:34:24.267+0000][gc,metaspace  ] GC(10) Metaspace: 54187K(57168K)->54187K(57168K) NonClass: 47745K(49364K)->47745K(49364K) Class: 6441K(7804K)->6441K(7804K)
[2024-05-03T09:34:24.267+0000][gc            ] GC(10) Pause Young (Normal) (G1 Evacuation Pause) 197M->151M(1024M) 4.940ms
[2024-05-03T09:34:24.267+0000][gc,cpu        ] GC(10) User=0.04s Sys=0.00s Real=0.01s
[2024-05-03T09:55:59.555+0000][gc,start      ] GC(11) Pause Young (Normal) (G1 Evacuation Pause)
[2024-05-03T09:55:59.556+0000][gc,task       ] GC(11) Using 13 workers of 13 for evacuation
[2024-05-03T09:55:59.558+0000][gc,phases     ] GC(11)   Pre Evacuate Collection Set: 0.0ms
[2024-05-03T09:55:59.558+0000][gc,phases     ] GC(11)   Evacuate Collection Set: 1.5ms
[2024-05-03T09:55:59.558+0000][gc,phases     ] GC(11)   Post Evacuate Collection Set: 0.8ms
[2024-05-03T09:55:59.558+0000][gc,phases     ] GC(11)   Other: 0.6ms
[2024-05-03T09:55:59.558+0000][gc,heap       ] GC(11) Eden regions: 51->0(55)
[2024-05-03T09:55:59.558+0000][gc,heap       ] GC(11) Survivor regions: 3->4(7)
[2024-05-03T09:55:59.558+0000][gc,heap       ] GC(11) Old regions: 20->20
[2024-05-03T09:55:59.558+0000][gc,heap       ] GC(11) Humongous regions: 129->129
[2024-05-03T09:55:59.558+0000][gc,metaspace  ] GC(11) Metaspace: 54310K(57168K)->54310K(57168K) NonClass: 47863K(49364K)->47863K(49364K) Class: 6447K(7804K)->6447K(7804K)
[2024-05-03T09:55:59.558+0000][gc            ] GC(11) Pause Young (Normal) (G1 Evacuation Pause) 202M->151M(1024M) 2.997ms
[2024-05-03T09:55:59.558+0000][gc,cpu        ] GC(11) User=0.01s Sys=0.01s Real=0.01s
[2024-05-03T10:03:42.059+0000][gc,start      ] GC(12) Pause Young (Normal) (G1 Evacuation Pause)
[2024-05-03T10:03:42.060+0000][gc,task       ] GC(12) Using 13 workers of 13 for evacuation
[2024-05-03T10:03:42.063+0000][gc,phases     ] GC(12)   Pre Evacuate Collection Set: 0.0ms
[2024-05-03T10:03:42.063+0000][gc,phases     ] GC(12)   Evacuate Collection Set: 2.5ms
[2024-05-03T10:03:42.063+0000][gc,phases     ] GC(12)   Post Evacuate Collection Set: 0.7ms
[2024-05-03T10:03:42.063+0000][gc,phases     ] GC(12)   Other: 1.0ms
[2024-05-03T10:03:42.063+0000][gc,heap       ] GC(12) Eden regions: 55->0(214)
[2024-05-03T10:03:42.063+0000][gc,heap       ] GC(12) Survivor regions: 4->6(8)
[2024-05-03T10:03:42.063+0000][gc,heap       ] GC(12) Old regions: 20->20
[2024-05-03T10:03:42.064+0000][gc,heap       ] GC(12) Humongous regions: 129->129
[2024-05-03T10:03:42.064+0000][gc,metaspace  ] GC(12) Metaspace: 55305K(58448K)->55305K(58448K) NonClass: 48677K(50388K)->48677K(50388K) Class: 6628K(8060K)->6628K(8060K)
[2024-05-03T10:03:42.064+0000][gc            ] GC(12) Pause Young (Normal) (G1 Evacuation Pause) 206M->153M(1024M) 4.203ms
[2024-05-03T10:03:42.064+0000][gc,cpu        ] GC(12) User=0.02s Sys=0.00s Real=0.00s
[2024-05-03T11:23:08.345+0000][gc,start      ] GC(13) Pause Young (Normal) (G1 Evacuation Pause)
[2024-05-03T11:23:08.346+0000][gc,task       ] GC(13) Using 13 workers of 13 for evacuation
[2024-05-03T11:23:08.349+0000][gc,phases     ] GC(13)   Pre Evacuate Collection Set: 0.0ms
[2024-05-03T11:23:08.349+0000][gc,phases     ] GC(13)   Evacuate Collection Set: 2.7ms
[2024-05-03T11:23:08.349+0000][gc,phases     ] GC(13)   Post Evacuate Collection Set: 0.8ms
[2024-05-03T11:23:08.349+0000][gc,phases     ] GC(13)   Other: 0.9ms
[2024-05-03T11:23:08.349+0000][gc,heap       ] GC(13) Eden regions: 214->0(284)
[2024-05-03T11:23:08.349+0000][gc,heap       ] GC(13) Survivor regions: 6->6(28)
[2024-05-03T11:23:08.349+0000][gc,heap       ] GC(13) Old regions: 20->20
[2024-05-03T11:23:08.349+0000][gc,heap       ] GC(13) Humongous regions: 129->129
[2024-05-03T11:23:08.349+0000][gc,metaspace  ] GC(13) Metaspace: 55369K(58448K)->55369K(58448K) NonClass: 48740K(50388K)->48740K(50388K) Class: 6628K(8060K)->6628K(8060K)
[2024-05-03T11:23:08.349+0000][gc            ] GC(13) Pause Young (Normal) (G1 Evacuation Pause) 367M->154M(1024M) 4.464ms
[2024-05-03T11:23:08.349+0000][gc,cpu        ] GC(13) User=0.03s Sys=0.01s Real=0.00s
[2024-05-03T12:40:59.068+0000][gc,heap,exit  ] Heap
[2024-05-03T12:40:59.068+0000][gc,heap,exit  ]  garbage-first heap   total 1048576K, used 382179K [0x00000000c0000000, 0x0000000100000000)
[2024-05-03T12:40:59.068+0000][gc,heap,exit  ]   region size 1024K, 227 young (232448K), 6 survivors (6144K)
[2024-05-03T12:40:59.068+0000][gc,heap,exit  ]  Metaspace       used 56418K, capacity 59531K, committed 59856K, reserved 1101824K
[2024-05-03T12:40:59.068+0000][gc,heap,exit  ]   class space    used 6878K, capacity 8374K, committed 8444K, reserved 1048576K
