[2024-05-28T09:26:56.644+0000][gc,init] CardTable entry size: 512
[2024-05-28T09:26:56.644+0000][gc     ] Using G1
[2024-05-28T09:26:56.653+0000][gc,init] Version: 21.0.2+13-LTS (release)
[2024-05-28T09:26:56.653+0000][gc,init] CPUs: 2 total, 2 available
[2024-05-28T09:26:56.653+0000][gc,init] Memory: 7929M
[2024-05-28T09:26:56.653+0000][gc,init] Large Page Support: Disabled
[2024-05-28T09:26:56.654+0000][gc,init] NUMA Support: Disabled
[2024-05-28T09:26:56.654+0000][gc,init] Compressed Oops: Enabled (32-bit)
[2024-05-28T09:26:56.654+0000][gc,init] Heap Region Size: 1M
[2024-05-28T09:26:56.654+0000][gc,init] Heap Min Capacity: 512M
[2024-05-28T09:26:56.654+0000][gc,init] Heap Initial Capacity: 512M
[2024-05-28T09:26:56.654+0000][gc,init] Heap Max Capacity: 512M
[2024-05-28T09:26:56.654+0000][gc,init] Pre-touch: Disabled
[2024-05-28T09:26:56.654+0000][gc,init] Parallel Workers: 2
[2024-05-28T09:26:56.654+0000][gc,init] Concurrent Workers: 1
[2024-05-28T09:26:56.655+0000][gc,init] Concurrent Refinement Workers: 2
[2024-05-28T09:26:56.655+0000][gc,init] Periodic GC: Disabled
[2024-05-28T09:26:56.665+0000][gc,metaspace] CDS archive(s) mapped at: [0x00007d0af3000000-0x00007d0af3ca6000-0x00007d0af3ca6000), size 13262848, SharedBaseAddress: 0x00007d0af3000000, ArchiveRelocationMode: 1.
[2024-05-28T09:26:56.665+0000][gc,metaspace] Compressed class space mapped at: 0x00007d0af4000000-0x00007d0b34000000, reserved size: 1073741824
[2024-05-28T09:26:56.665+0000][gc,metaspace] Narrow klass base: 0x00007d0af3000000, Narrow klass shift: 0, Narrow klass range: 0x100000000
[2024-05-28T09:26:59.336+0000][gc,start    ] GC(0) Pause Young (Normal) (G1 Evacuation Pause)
[2024-05-28T09:26:59.336+0000][gc,task     ] GC(0) Using 2 workers of 2 for evacuation
[2024-05-28T09:26:59.353+0000][gc,phases   ] GC(0)   Pre Evacuate Collection Set: 0.1ms
[2024-05-28T09:26:59.353+0000][gc,phases   ] GC(0)   Merge Heap Roots: 0.0ms
[2024-05-28T09:26:59.353+0000][gc,phases   ] GC(0)   Evacuate Collection Set: 15.8ms
[2024-05-28T09:26:59.353+0000][gc,phases   ] GC(0)   Post Evacuate Collection Set: 0.5ms
[2024-05-28T09:26:59.353+0000][gc,phases   ] GC(0)   Other: 0.5ms
[2024-05-28T09:26:59.353+0000][gc,heap     ] GC(0) Eden regions: 25->0(21)
[2024-05-28T09:26:59.353+0000][gc,heap     ] GC(0) Survivor regions: 0->4(4)
[2024-05-28T09:26:59.353+0000][gc,heap     ] GC(0) Old regions: 2->6
[2024-05-28T09:26:59.353+0000][gc,heap     ] GC(0) Humongous regions: 0->0
[2024-05-28T09:26:59.353+0000][gc,metaspace] GC(0) Metaspace: 8569K(8768K)->8569K(8768K) NonClass: 7678K(7808K)->7678K(7808K) Class: 891K(960K)->891K(960K)
[2024-05-28T09:26:59.353+0000][gc          ] GC(0) Pause Young (Normal) (G1 Evacuation Pause) 26M->8M(512M) 17.555ms
[2024-05-28T09:26:59.353+0000][gc,cpu      ] GC(0) User=0.02s Sys=0.00s Real=0.02s
[2024-05-28T11:03:57.567+0000][gc,start    ] GC(1) Pause Young (Normal) (G1 Evacuation Pause)
[2024-05-28T11:03:57.569+0000][gc,task     ] GC(1) Using 2 workers of 2 for evacuation
[2024-05-28T11:03:57.577+0000][gc,phases   ] GC(1)   Pre Evacuate Collection Set: 0.2ms
[2024-05-28T11:03:57.578+0000][gc,phases   ] GC(1)   Merge Heap Roots: 0.1ms
[2024-05-28T11:03:57.578+0000][gc,phases   ] GC(1)   Evacuate Collection Set: 7.7ms
[2024-05-28T11:03:57.578+0000][gc,phases   ] GC(1)   Post Evacuate Collection Set: 0.3ms
[2024-05-28T11:03:57.578+0000][gc,phases   ] GC(1)   Other: 0.2ms
[2024-05-28T11:03:57.578+0000][gc,heap     ] GC(1) Eden regions: 21->0(23)
[2024-05-28T11:03:57.578+0000][gc,heap     ] GC(1) Survivor regions: 4->2(4)
[2024-05-28T11:03:57.579+0000][gc,heap     ] GC(1) Old regions: 6->11
[2024-05-28T11:03:57.579+0000][gc,heap     ] GC(1) Humongous regions: 0->0
[2024-05-28T11:03:57.579+0000][gc,metaspace] GC(1) Metaspace: 9892K(10176K)->9892K(10176K) NonClass: 8926K(9088K)->8926K(9088K) Class: 966K(1088K)->966K(1088K)
[2024-05-28T11:03:57.579+0000][gc          ] GC(1) Pause Young (Normal) (G1 Evacuation Pause) 29M->10M(512M) 12.104ms
[2024-05-28T11:03:57.579+0000][gc,cpu      ] GC(1) User=0.01s Sys=0.00s Real=0.02s
