[2024-05-13T14:52:47.803+0000][gc,init] CardTable entry size: 512
[2024-05-13T14:52:47.804+0000][gc     ] Using G1
[2024-05-13T14:52:47.812+0000][gc,init] Version: 21.0.2+13-LTS (release)
[2024-05-13T14:52:47.813+0000][gc,init] CPUs: 2 total, 2 available
[2024-05-13T14:52:47.813+0000][gc,init] Memory: 7929M
[2024-05-13T14:52:47.813+0000][gc,init] Large Page Support: Disabled
[2024-05-13T14:52:47.813+0000][gc,init] NUMA Support: Disabled
[2024-05-13T14:52:47.813+0000][gc,init] Compressed Oops: Enabled (32-bit)
[2024-05-13T14:52:47.814+0000][gc,init] Heap Region Size: 1M
[2024-05-13T14:52:47.814+0000][gc,init] Heap Min Capacity: 512M
[2024-05-13T14:52:47.814+0000][gc,init] Heap Initial Capacity: 512M
[2024-05-13T14:52:47.814+0000][gc,init] Heap Max Capacity: 512M
[2024-05-13T14:52:47.814+0000][gc,init] Pre-touch: Disabled
[2024-05-13T14:52:47.814+0000][gc,init] Parallel Workers: 2
[2024-05-13T14:52:47.814+0000][gc,init] Concurrent Workers: 1
[2024-05-13T14:52:47.814+0000][gc,init] Concurrent Refinement Workers: 2
[2024-05-13T14:52:47.814+0000][gc,init] Periodic GC: Disabled
[2024-05-13T14:52:47.824+0000][gc,metaspace] CDS archive(s) mapped at: [0x00007d1efb000000-0x00007d1efbca6000-0x00007d1efbca6000), size 13262848, SharedBaseAddress: 0x00007d1efb000000, ArchiveRelocationMode: 1.
[2024-05-13T14:52:47.824+0000][gc,metaspace] Compressed class space mapped at: 0x00007d1efc000000-0x00007d1f3c000000, reserved size: 1073741824
[2024-05-13T14:52:47.824+0000][gc,metaspace] Narrow klass base: 0x00007d1efb000000, Narrow klass shift: 0, Narrow klass range: 0x100000000
[2024-05-13T14:52:48.823+0000][gc,heap,exit] Heap
[2024-05-13T14:52:48.823+0000][gc,heap,exit]  garbage-first heap   total 524288K, used 19487K [0x00000000e0000000, 0x0000000100000000)
[2024-05-13T14:52:48.824+0000][gc,heap,exit]   region size 1024K, 19 young (19456K), 0 survivors (0K)
[2024-05-13T14:52:48.824+0000][gc,heap,exit]  Metaspace       used 6836K, committed 7040K, reserved 1114112K
[2024-05-13T14:52:48.824+0000][gc,heap,exit]   class space    used 711K, committed 832K, reserved 1048576K
