[2024-05-21T22:05:58.091+0000][gc,init] CardTable entry size: 512
[2024-05-21T22:05:58.091+0000][gc     ] Using G1
[2024-05-21T22:05:58.097+0000][gc,init] Version: 21.0.2+13-LTS (release)
[2024-05-21T22:05:58.097+0000][gc,init] CPUs: 2 total, 2 available
[2024-05-21T22:05:58.097+0000][gc,init] Memory: 7929M
[2024-05-21T22:05:58.097+0000][gc,init] Large Page Support: Disabled
[2024-05-21T22:05:58.097+0000][gc,init] NUMA Support: Disabled
[2024-05-21T22:05:58.097+0000][gc,init] Compressed Oops: Enabled (32-bit)
[2024-05-21T22:05:58.097+0000][gc,init] Heap Region Size: 1M
[2024-05-21T22:05:58.097+0000][gc,init] Heap Min Capacity: 512M
[2024-05-21T22:05:58.097+0000][gc,init] Heap Initial Capacity: 512M
[2024-05-21T22:05:58.097+0000][gc,init] Heap Max Capacity: 512M
[2024-05-21T22:05:58.097+0000][gc,init] Pre-touch: Disabled
[2024-05-21T22:05:58.097+0000][gc,init] Parallel Workers: 2
[2024-05-21T22:05:58.097+0000][gc,init] Concurrent Workers: 1
[2024-05-21T22:05:58.097+0000][gc,init] Concurrent Refinement Workers: 2
[2024-05-21T22:05:58.097+0000][gc,init] Periodic GC: Disabled
[2024-05-21T22:05:58.106+0000][gc,metaspace] CDS archive(s) mapped at: [0x00007a0447000000-0x00007a0447ca6000-0x00007a0447ca6000), size 13262848, SharedBaseAddress: 0x00007a0447000000, ArchiveRelocationMode: 1.
[2024-05-21T22:05:58.106+0000][gc,metaspace] Compressed class space mapped at: 0x00007a0448000000-0x00007a0488000000, reserved size: 1073741824
[2024-05-21T22:05:58.106+0000][gc,metaspace] Narrow klass base: 0x00007a0447000000, Narrow klass shift: 0, Narrow klass range: 0x100000000
[2024-05-21T22:06:00.053+0000][gc,start    ] GC(0) Pause Young (Normal) (G1 Evacuation Pause)
[2024-05-21T22:06:00.054+0000][gc,task     ] GC(0) Using 2 workers of 2 for evacuation
[2024-05-21T22:06:00.072+0000][gc,phases   ] GC(0)   Pre Evacuate Collection Set: 0.2ms
[2024-05-21T22:06:00.072+0000][gc,phases   ] GC(0)   Merge Heap Roots: 0.0ms
[2024-05-21T22:06:00.072+0000][gc,phases   ] GC(0)   Evacuate Collection Set: 15.9ms
[2024-05-21T22:06:00.072+0000][gc,phases   ] GC(0)   Post Evacuate Collection Set: 0.3ms
[2024-05-21T22:06:00.072+0000][gc,phases   ] GC(0)   Other: 1.7ms
[2024-05-21T22:06:00.072+0000][gc,heap     ] GC(0) Eden regions: 25->0(21)
[2024-05-21T22:06:00.073+0000][gc,heap     ] GC(0) Survivor regions: 0->4(4)
[2024-05-21T22:06:00.073+0000][gc,heap     ] GC(0) Old regions: 2->7
[2024-05-21T22:06:00.073+0000][gc,heap     ] GC(0) Humongous regions: 0->0
[2024-05-21T22:06:00.073+0000][gc,metaspace] GC(0) Metaspace: 8368K(8576K)->8368K(8576K) NonClass: 7492K(7616K)->7492K(7616K) Class: 876K(960K)->876K(960K)
[2024-05-21T22:06:00.073+0000][gc          ] GC(0) Pause Young (Normal) (G1 Evacuation Pause) 26M->9M(512M) 20.063ms
[2024-05-21T22:06:00.073+0000][gc,cpu      ] GC(0) User=0.01s Sys=0.00s Real=0.02s
[2024-05-21T22:06:17.408+0000][gc,heap,exit] Heap
[2024-05-21T22:06:17.408+0000][gc,heap,exit]  garbage-first heap   total 524288K, used 14541K [0x00000000e0000000, 0x0000000100000000)
[2024-05-21T22:06:17.408+0000][gc,heap,exit]   region size 1024K, 9 young (9216K), 4 survivors (4096K)
[2024-05-21T22:06:17.408+0000][gc,heap,exit]  Metaspace       used 9198K, committed 9408K, reserved 1114112K
[2024-05-21T22:06:17.408+0000][gc,heap,exit]   class space    used 966K, committed 1088K, reserved 1048576K
