[2024-04-24T10:18:43.849+0000][gc,heap] Heap region size: 1M
[2024-04-24T10:18:43.857+0000][gc     ] Using G1
[2024-04-24T10:18:43.857+0000][gc,heap,coops] Heap address: 0x00000000e0000000, size: 512 MB, Compressed Oops mode: 32-bit
[2024-04-24T10:18:44.629+0000][gc,start     ] GC(0) Pause Young (Normal) (G1 Evacuation Pause)
[2024-04-24T10:18:44.630+0000][gc,task      ] GC(0) Using 12 workers of 13 for evacuation
[2024-04-24T10:18:44.634+0000][gc,phases    ] GC(0)   Pre Evacuate Collection Set: 0.0ms
[2024-04-24T10:18:44.634+0000][gc,phases    ] GC(0)   Evacuate Collection Set: 3.3ms
[2024-04-24T10:18:44.634+0000][gc,phases    ] GC(0)   Post Evacuate Collection Set: 0.4ms
[2024-04-24T10:18:44.634+0000][gc,phases    ] GC(0)   Other: 1.4ms
[2024-04-24T10:18:44.634+0000][gc,heap      ] GC(0) Eden regions: 25->0(21)
[2024-04-24T10:18:44.634+0000][gc,heap      ] GC(0) Survivor regions: 0->4(4)
[2024-04-24T10:18:44.634+0000][gc,heap      ] GC(0) Old regions: 0->5
[2024-04-24T10:18:44.634+0000][gc,heap      ] GC(0) Humongous regions: 0->0
[2024-04-24T10:18:44.634+0000][gc,metaspace ] GC(0) Metaspace: 14855K(15488K)->14855K(15488K) NonClass: 13402K(13824K)->13402K(13824K) Class: 1452K(1664K)->1452K(1664K)
[2024-04-24T10:18:44.634+0000][gc           ] GC(0) Pause Young (Normal) (G1 Evacuation Pause) 25M->8M(512M) 5.277ms
[2024-04-24T10:18:44.634+0000][gc,cpu       ] GC(0) User=0.00s Sys=0.04s Real=0.00s
[2024-04-24T10:26:38.023+0000][gc,start     ] GC(1) Pause Young (Normal) (G1 Evacuation Pause)
[2024-04-24T10:26:38.023+0000][gc,task      ] GC(1) Using 12 workers of 13 for evacuation
[2024-04-24T10:26:38.069+0000][gc,mmu       ] GC(1) MMU target violated: 21.0ms (20.0ms/21.0ms)
[2024-04-24T10:26:38.069+0000][gc,phases    ] GC(1)   Pre Evacuate Collection Set: 0.0ms
[2024-04-24T10:26:38.069+0000][gc,phases    ] GC(1)   Evacuate Collection Set: 45.0ms
[2024-04-24T10:26:38.069+0000][gc,phases    ] GC(1)   Post Evacuate Collection Set: 0.8ms
[2024-04-24T10:26:38.069+0000][gc,phases    ] GC(1)   Other: 0.4ms
[2024-04-24T10:26:38.069+0000][gc,heap      ] GC(1) Eden regions: 21->0(23)
[2024-04-24T10:26:38.069+0000][gc,heap      ] GC(1) Survivor regions: 4->2(4)
[2024-04-24T10:26:38.069+0000][gc,heap      ] GC(1) Old regions: 5->9
[2024-04-24T10:26:38.069+0000][gc,heap      ] GC(1) Humongous regions: 0->0
[2024-04-24T10:26:38.069+0000][gc,metaspace ] GC(1) Metaspace: 17712K(18304K)->17712K(18304K) NonClass: 16014K(16384K)->16014K(16384K) Class: 1698K(1920K)->1698K(1920K)
[2024-04-24T10:26:38.069+0000][gc           ] GC(1) Pause Young (Normal) (G1 Evacuation Pause) 29M->9M(512M) 46.285ms
[2024-04-24T10:26:38.069+0000][gc,cpu       ] GC(1) User=0.04s Sys=0.00s Real=0.05s
[2024-04-24T10:35:13.032+0000][gc,heap,exit ] Heap
[2024-04-24T10:35:13.032+0000][gc,heap,exit ]  garbage-first heap   total 524288K, used 12403K [0x00000000e0000000, 0x0000000100000000)
[2024-04-24T10:35:13.032+0000][gc,heap,exit ]   region size 1024K, 6 young (6144K), 2 survivors (2048K)
[2024-04-24T10:35:13.032+0000][gc,heap,exit ]  Metaspace       used 17735K, capacity 18121K, committed 18304K, reserved 1064960K
[2024-04-24T10:35:13.032+0000][gc,heap,exit ]   class space    used 1700K, capacity 1868K, committed 1920K, reserved 1048576K
