[2024-04-19T13:31:31.178+0000][gc,heap] Heap region size: 1M
[2024-04-19T13:31:31.186+0000][gc     ] Using G1
[2024-04-19T13:31:31.186+0000][gc,heap,coops] Heap address: 0x00000000e0000000, size: 512 MB, Compressed Oops mode: 32-bit
[2024-04-19T13:31:31.959+0000][gc,start     ] GC(0) Pause Young (Normal) (G1 Evacuation Pause)
[2024-04-19T13:31:31.960+0000][gc,task      ] GC(0) Using 12 workers of 13 for evacuation
[2024-04-19T13:31:31.965+0000][gc,phases    ] GC(0)   Pre Evacuate Collection Set: 0.0ms
[2024-04-19T13:31:31.965+0000][gc,phases    ] GC(0)   Evacuate Collection Set: 4.1ms
[2024-04-19T13:31:31.965+0000][gc,phases    ] GC(0)   Post Evacuate Collection Set: 0.4ms
[2024-04-19T13:31:31.965+0000][gc,phases    ] GC(0)   Other: 1.6ms
[2024-04-19T13:31:31.965+0000][gc,heap      ] GC(0) Eden regions: 25->0(21)
[2024-04-19T13:31:31.965+0000][gc,heap      ] GC(0) Survivor regions: 0->4(4)
[2024-04-19T13:31:31.965+0000][gc,heap      ] GC(0) Old regions: 0->5
[2024-04-19T13:31:31.965+0000][gc,heap      ] GC(0) Humongous regions: 0->0
[2024-04-19T13:31:31.965+0000][gc,metaspace ] GC(0) Metaspace: 14910K(15488K)->14910K(15488K) NonClass: 13448K(13824K)->13448K(13824K) Class: 1461K(1664K)->1461K(1664K)
[2024-04-19T13:31:31.965+0000][gc           ] GC(0) Pause Young (Normal) (G1 Evacuation Pause) 25M->8M(512M) 6.248ms
[2024-04-19T13:31:31.965+0000][gc,cpu       ] GC(0) User=0.03s Sys=0.03s Real=0.01s
[2024-04-19T15:22:02.815+0000][gc,start     ] GC(1) Pause Young (Normal) (G1 Evacuation Pause)
[2024-04-19T15:22:02.815+0000][gc,task      ] GC(1) Using 12 workers of 13 for evacuation
[2024-04-19T15:22:02.818+0000][gc,phases    ] GC(1)   Pre Evacuate Collection Set: 0.0ms
[2024-04-19T15:22:02.818+0000][gc,phases    ] GC(1)   Evacuate Collection Set: 2.4ms
[2024-04-19T15:22:02.818+0000][gc,phases    ] GC(1)   Post Evacuate Collection Set: 0.5ms
[2024-04-19T15:22:02.818+0000][gc,phases    ] GC(1)   Other: 0.5ms
[2024-04-19T15:22:02.818+0000][gc,heap      ] GC(1) Eden regions: 21->0(24)
[2024-04-19T15:22:02.818+0000][gc,heap      ] GC(1) Survivor regions: 4->1(4)
[2024-04-19T15:22:02.818+0000][gc,heap      ] GC(1) Old regions: 5->9
[2024-04-19T15:22:02.818+0000][gc,heap      ] GC(1) Humongous regions: 0->0
[2024-04-19T15:22:02.818+0000][gc,metaspace ] GC(1) Metaspace: 17579K(18304K)->17579K(18304K) NonClass: 15881K(16384K)->15881K(16384K) Class: 1698K(1920K)->1698K(1920K)
[2024-04-19T15:22:02.818+0000][gc           ] GC(1) Pause Young (Normal) (G1 Evacuation Pause) 29M->9M(512M) 3.477ms
[2024-04-19T15:22:02.818+0000][gc,cpu       ] GC(1) User=0.03s Sys=0.00s Real=0.00s
[2024-04-19T15:22:02.819+0000][gc,heap,exit ] Heap
[2024-04-19T15:22:02.819+0000][gc,heap,exit ]  garbage-first heap   total 524288K, used 9236K [0x00000000e0000000, 0x0000000100000000)
[2024-04-19T15:22:02.819+0000][gc,heap,exit ]   region size 1024K, 2 young (2048K), 1 survivors (1024K)
[2024-04-19T15:22:02.819+0000][gc,heap,exit ]  Metaspace       used 17588K, capacity 17991K, committed 18304K, reserved 1064960K
[2024-04-19T15:22:02.819+0000][gc,heap,exit ]   class space    used 1699K, capacity 1868K, committed 1920K, reserved 1048576K
