[2024-05-29T14:13:46.965+0000][gc,init] CardTable entry size: 512
[2024-05-29T14:13:46.965+0000][gc     ] Using G1
[2024-05-29T14:13:46.972+0000][gc,init] Version: 21.0.2+13-LTS (release)
[2024-05-29T14:13:46.972+0000][gc,init] CPUs: 2 total, 2 available
[2024-05-29T14:13:46.972+0000][gc,init] Memory: 7929M
[2024-05-29T14:13:46.972+0000][gc,init] Large Page Support: Disabled
[2024-05-29T14:13:46.972+0000][gc,init] NUMA Support: Disabled
[2024-05-29T14:13:46.972+0000][gc,init] Compressed Oops: Enabled (32-bit)
[2024-05-29T14:13:46.972+0000][gc,init] Heap Region Size: 1M
[2024-05-29T14:13:46.972+0000][gc,init] Heap Min Capacity: 512M
[2024-05-29T14:13:46.972+0000][gc,init] Heap Initial Capacity: 512M
[2024-05-29T14:13:46.972+0000][gc,init] Heap Max Capacity: 512M
[2024-05-29T14:13:46.972+0000][gc,init] Pre-touch: Disabled
[2024-05-29T14:13:46.972+0000][gc,init] Parallel Workers: 2
[2024-05-29T14:13:46.972+0000][gc,init] Concurrent Workers: 1
[2024-05-29T14:13:46.972+0000][gc,init] Concurrent Refinement Workers: 2
[2024-05-29T14:13:46.972+0000][gc,init] Periodic GC: Disabled
[2024-05-29T14:13:46.981+0000][gc,metaspace] CDS archive(s) mapped at: [0x000078ab43000000-0x000078ab43ca6000-0x000078ab43ca6000), size 13262848, SharedBaseAddress: 0x000078ab43000000, ArchiveRelocationMode: 1.
[2024-05-29T14:13:46.982+0000][gc,metaspace] Compressed class space mapped at: 0x000078ab44000000-0x000078ab84000000, reserved size: 1073741824
[2024-05-29T14:13:46.982+0000][gc,metaspace] Narrow klass base: 0x000078ab43000000, Narrow klass shift: 0, Narrow klass range: 0x100000000
[2024-05-29T14:13:48.786+0000][gc,start    ] GC(0) Pause Young (Normal) (G1 Evacuation Pause)
[2024-05-29T14:13:48.786+0000][gc,task     ] GC(0) Using 2 workers of 2 for evacuation
[2024-05-29T14:13:48.792+0000][gc,phases   ] GC(0)   Pre Evacuate Collection Set: 0.1ms
[2024-05-29T14:13:48.792+0000][gc,phases   ] GC(0)   Merge Heap Roots: 0.0ms
[2024-05-29T14:13:48.792+0000][gc,phases   ] GC(0)   Evacuate Collection Set: 5.2ms
[2024-05-29T14:13:48.792+0000][gc,phases   ] GC(0)   Post Evacuate Collection Set: 0.3ms
[2024-05-29T14:13:48.792+0000][gc,phases   ] GC(0)   Other: 0.2ms
[2024-05-29T14:13:48.792+0000][gc,heap     ] GC(0) Eden regions: 25->0(21)
[2024-05-29T14:13:48.792+0000][gc,heap     ] GC(0) Survivor regions: 0->4(4)
[2024-05-29T14:13:48.792+0000][gc,heap     ] GC(0) Old regions: 2->6
[2024-05-29T14:13:48.792+0000][gc,heap     ] GC(0) Humongous regions: 0->0
[2024-05-29T14:13:48.792+0000][gc,metaspace] GC(0) Metaspace: 8393K(8576K)->8393K(8576K) NonClass: 7506K(7616K)->7506K(7616K) Class: 887K(960K)->887K(960K)
[2024-05-29T14:13:48.792+0000][gc          ] GC(0) Pause Young (Normal) (G1 Evacuation Pause) 26M->9M(512M) 6.197ms
[2024-05-29T14:13:48.792+0000][gc,cpu      ] GC(0) User=0.01s Sys=0.00s Real=0.01s
[2024-05-29T15:34:27.564+0000][gc,start    ] GC(1) Pause Young (Normal) (G1 Evacuation Pause)
[2024-05-29T15:34:27.645+0000][gc,task     ] GC(1) Using 2 workers of 2 for evacuation
[2024-05-29T15:34:27.697+0000][gc,mmu      ] GC(1) MMU target violated: 21.0ms (20.0ms/21.0ms)
[2024-05-29T15:34:27.697+0000][gc,phases   ] GC(1)   Pre Evacuate Collection Set: 0.1ms
[2024-05-29T15:34:27.698+0000][gc,phases   ] GC(1)   Merge Heap Roots: 0.1ms
[2024-05-29T15:34:27.698+0000][gc,phases   ] GC(1)   Evacuate Collection Set: 32.9ms
[2024-05-29T15:34:27.698+0000][gc,phases   ] GC(1)   Post Evacuate Collection Set: 18.6ms
[2024-05-29T15:34:27.698+0000][gc,phases   ] GC(1)   Other: 58.0ms
[2024-05-29T15:34:27.698+0000][gc,heap     ] GC(1) Eden regions: 21->0(23)
[2024-05-29T15:34:27.698+0000][gc,heap     ] GC(1) Survivor regions: 4->2(4)
[2024-05-29T15:34:27.698+0000][gc,heap     ] GC(1) Old regions: 6->10
[2024-05-29T15:34:27.698+0000][gc,heap     ] GC(1) Humongous regions: 0->0
[2024-05-29T15:34:27.698+0000][gc,metaspace] GC(1) Metaspace: 9826K(10048K)->9826K(10048K) NonClass: 8858K(8960K)->8858K(8960K) Class: 967K(1088K)->967K(1088K)
[2024-05-29T15:34:27.698+0000][gc          ] GC(1) Pause Young (Normal) (G1 Evacuation Pause) 30M->10M(512M) 134.699ms
[2024-05-29T15:34:27.698+0000][gc,cpu      ] GC(1) User=0.01s Sys=0.00s Real=0.13s
[2024-05-29T15:34:45.175+0000][gc,heap,exit] Heap
[2024-05-29T15:34:45.175+0000][gc,heap,exit]  garbage-first heap   total 524288K, used 12304K [0x00000000e0000000, 0x0000000100000000)
[2024-05-29T15:34:45.175+0000][gc,heap,exit]   region size 1024K, 4 young (4096K), 2 survivors (2048K)
[2024-05-29T15:34:45.175+0000][gc,heap,exit]  Metaspace       used 9829K, committed 10048K, reserved 1114112K
[2024-05-29T15:34:45.175+0000][gc,heap,exit]   class space    used 967K, committed 1088K, reserved 1048576K
